Component: ARM Compiler 5.06 update 6 (build 750) Tool: armlink [4d35ed]

==============================================================================

Section Cross References

    main.o(i.assert_nrf_callback) refers to app_error_handler_keil.o(.emb_text) for app_error_handler
    main.o(i.ble_evt_handler) refers to nrf_log_frontend.o(i.nrf_log_frontend_std_0) for nrf_log_frontend_std_0
    main.o(i.ble_evt_handler) refers to bsp.o(i.bsp_indication_set) for bsp_indication_set
    main.o(i.ble_evt_handler) refers to app_error.o(i.app_error_handler_bare) for app_error_handler_bare
    main.o(i.ble_evt_handler) refers to nrf_ble_qwr.o(i.nrf_ble_qwr_conn_handle_assign) for nrf_ble_qwr_conn_handle_assign
    main.o(i.ble_evt_handler) refers to main.o(.data) for .data
    main.o(i.ble_evt_handler) refers to nrf_log_frontend.o(log_const_data) for m_nrf_log_app_logs_data_const
    main.o(i.ble_evt_handler) refers to main.o(.bss) for .bss
    main.o(i.bsp_event_handler) refers to boards.o(i.bsp_board_leds_on) for bsp_board_leds_on
    main.o(i.bsp_event_handler) refers to time_sync - normal.o(i.ts_tx_stop) for ts_tx_stop
    main.o(i.bsp_event_handler) refers to app_error.o(i.app_error_handler_bare) for app_error_handler_bare
    main.o(i.bsp_event_handler) refers to boards.o(i.bsp_board_leds_off) for bsp_board_leds_off
    main.o(i.bsp_event_handler) refers to nrf_log_frontend.o(i.nrf_log_frontend_std_0) for nrf_log_frontend_std_0
    main.o(i.bsp_event_handler) refers to main.o(i.sleep_mode_enter) for sleep_mode_enter
    main.o(i.bsp_event_handler) refers to ble_advertising.o(i.ble_advertising_restart_without_whitelist) for ble_advertising_restart_without_whitelist
    main.o(i.bsp_event_handler) refers to main.o(.data) for .data
    main.o(i.bsp_event_handler) refers to nrf_log_frontend.o(log_const_data) for m_nrf_log_app_logs_data_const
    main.o(i.bsp_event_handler) refers to main.o(.bss) for .bss
    main.o(i.conn_params_error_handler) refers to app_error.o(i.app_error_handler_bare) for app_error_handler_bare
    main.o(i.gatt_evt_handler) refers to nrf_log_frontend.o(i.nrf_log_frontend_std_2) for nrf_log_frontend_std_2
    main.o(i.gatt_evt_handler) refers to main.o(.data) for .data
    main.o(i.gatt_evt_handler) refers to nrf_log_frontend.o(log_const_data) for m_nrf_log_app_logs_data_const
    main.o(i.gatt_init) refers to nrf_ble_gatt.o(i.nrf_ble_gatt_init) for nrf_ble_gatt_init
    main.o(i.gatt_init) refers to app_error.o(i.app_error_handler_bare) for app_error_handler_bare
    main.o(i.gatt_init) refers to nrf_ble_gatt.o(i.nrf_ble_gatt_att_mtu_periph_set) for nrf_ble_gatt_att_mtu_periph_set
    main.o(i.gatt_init) refers to main.o(i.gatt_evt_handler) for gatt_evt_handler
    main.o(i.gatt_init) refers to main.o(.bss) for .bss
    main.o(i.main) refers to memcpya.o(.text) for __aeabi_memcpy4
    main.o(i.main) refers to app_uart_fifo.o(i.app_uart_init) for app_uart_init
    main.o(i.main) refers to app_error.o(i.app_error_handler_bare) for app_error_handler_bare
    main.o(i.main) refers to nrf_log_frontend.o(i.nrf_log_init) for nrf_log_init
    main.o(i.main) refers to nrf_log_default_backends.o(i.nrf_log_default_backends_init) for nrf_log_default_backends_init
    main.o(i.main) refers to app_timer2.o(i.app_timer_init) for app_timer_init
    main.o(i.main) refers to bsp.o(i.bsp_init) for bsp_init
    main.o(i.main) refers to bsp_btn_ble.o(i.bsp_btn_ble_init) for bsp_btn_ble_init
    main.o(i.main) refers to nrf_pwr_mgmt.o(i.nrf_pwr_mgmt_init) for nrf_pwr_mgmt_init
    main.o(i.main) refers to nrf_sdh.o(i.nrf_sdh_enable_request) for nrf_sdh_enable_request
    main.o(i.main) refers to nrf_sdh_ble.o(i.nrf_sdh_ble_default_cfg_set) for nrf_sdh_ble_default_cfg_set
    main.o(i.main) refers to nrf_sdh_ble.o(i.nrf_sdh_ble_enable) for nrf_sdh_ble_enable
    main.o(i.main) refers to main.o(i.gatt_init) for gatt_init
    main.o(i.main) refers to nrf_ble_qwr.o(i.nrf_ble_qwr_init) for nrf_ble_qwr_init
    main.o(i.main) refers to ble_nus.o(i.ble_nus_init) for ble_nus_init
    main.o(i.main) refers to memseta.o(.text) for __aeabi_memclr4
    main.o(i.main) refers to ble_advertising.o(i.ble_advertising_init) for ble_advertising_init
    main.o(i.main) refers to ble_advertising.o(i.ble_advertising_conn_cfg_tag_set) for ble_advertising_conn_cfg_tag_set
    main.o(i.main) refers to ble_conn_params.o(i.ble_conn_params_init) for ble_conn_params_init
    main.o(i.main) refers to main.o(i.sync_timer_button_init) for sync_timer_button_init
    main.o(i.main) refers to printfb.o(i.__0printf$bare) for __2printf
    main.o(i.main) refers to nrf_log_frontend.o(i.nrf_log_frontend_std_0) for nrf_log_frontend_std_0
    main.o(i.main) refers to ble_advertising.o(i.ble_advertising_start) for ble_advertising_start
    main.o(i.main) refers to boards.o(i.bsp_board_leds_on) for bsp_board_leds_on
    main.o(i.main) refers to time_sync - normal.o(i.ts_tx_start) for ts_tx_start
[...]
    DebugMon_Handler                         0x000263f1   Thumb Code     2  arm_startup_nrf52.o(.text)
    PendSV_Handler                           0x000263f3   Thumb Code     2  arm_startup_nrf52.o(.text)
    SysTick_Handler                          0x000263f5   Thumb Code     2  arm_startup_nrf52.o(.text)
    CCM_AAR_IRQHandler                       0x000263f7   Thumb Code     0  arm_startup_nrf52.o(.text)
    COMP_LPCOMP_IRQHandler                   0x000263f7   Thumb Code     0  arm_startup_nrf52.o(.text)
    ECB_IRQHandler                           0x000263f7   Thumb Code     0  arm_startup_nrf52.o(.text)
    FPU_IRQHandler                           0x000263f7   Thumb Code     0  arm_startup_nrf52.o(.text)
    I2S_IRQHandler                           0x000263f7   Thumb Code     0  arm_startup_nrf52.o(.text)
    MWU_IRQHandler                           0x000263f7   Thumb Code     0  arm_startup_nrf52.o(.text)
    NFCT_IRQHandler                          0x000263f7   Thumb Code     0  arm_startup_nrf52.o(.text)
    PDM_IRQHandler                           0x000263f7   Thumb Code     0  arm_startup_nrf52.o(.text)
    PWM0_IRQHandler                          0x000263f7   Thumb Code     0  arm_startup_nrf52.o(.text)
    PWM1_IRQHandler                          0x000263f7   Thumb Code     0  arm_startup_nrf52.o(.text)
    PWM2_IRQHandler                          0x000263f7   Thumb Code     0  arm_startup_nrf52.o(.text)
    QDEC_IRQHandler                          0x000263f7   Thumb Code     0  arm_startup_nrf52.o(.text)
    RNG_IRQHandler                           0x000263f7   Thumb Code     0  arm_startup_nrf52.o(.text)
    RTC0_IRQHandler                          0x000263f7   Thumb Code     0  arm_startup_nrf52.o(.text)
    RTC2_IRQHandler                          0x000263f7   Thumb Code     0  arm_startup_nrf52.o(.text)
    SAADC_IRQHandler                         0x000263f7   Thumb Code     0  arm_startup_nrf52.o(.text)
    SPIM0_SPIS0_TWIM0_TWIS0_SPI0_TWI0_IRQHandler 0x000263f7   Thumb Code     0  arm_startup_nrf52.o(.text)
    SPIM1_SPIS1_TWIM1_TWIS1_SPI1_TWI1_IRQHandler 0x000263f7   Thumb Code     0  arm_startup_nrf52.o(.text)
    SPIM2_SPIS2_SPI2_IRQHandler              0x000263f7   Thumb Code     0  arm_startup_nrf52.o(.text)
    SWI0_EGU0_IRQHandler                     0x000263f7   Thumb Code     0  arm_startup_nrf52.o(.text)
    SWI1_EGU1_IRQHandler                     0x000263f7   Thumb Code     0  arm_startup_nrf52.o(.text)
    SWI4_EGU4_IRQHandler                     0x000263f7   Thumb Code     0  arm_startup_nrf52.o(.text)
    SWI5_EGU5_IRQHandler                     0x000263f7   Thumb Code     0  arm_startup_nrf52.o(.text)
    TEMP_IRQHandler                          0x000263f7   Thumb Code     0  arm_startup_nrf52.o(.text)
    TIMER0_IRQHandler                        0x000263f7   Thumb Code     0  arm_startup_nrf52.o(.text)
    TIMER1_IRQHandler                        0x000263f7   Thumb Code     0  arm_startup_nrf52.o(.text)
    TIMER2_IRQHandler                        0x000263f7   Thumb Code     0  arm_startup_nrf52.o(.text)
    TIMER3_IRQHandler                        0x000263f7   Thumb Code     0  arm_startup_nrf52.o(.text)
    TIMER4_IRQHandler                        0x000263f7   Thumb Code     0  arm_startup_nrf52.o(.text)
    WDT_IRQHandler                           0x000263f7   Thumb Code     0  arm_startup_nrf52.o(.text)
    __aeabi_uldivmod                         0x00026401   Thumb Code    98  uldiv.o(.text)
    __aeabi_llsl                             0x00026463   Thumb Code    30  llshl.o(.text)
    _ll_shift_l                              0x00026463   Thumb Code     0  llshl.o(.text)
    __rt_ctype_table                         0x00026481   Thumb Code     4  ctype_o.o(.text)
    __aeabi_memcpy                           0x00026489   Thumb Code    36  memcpya.o(.text)
    __aeabi_memcpy4                          0x00026489   Thumb Code     0  memcpya.o(.text)
    __aeabi_memcpy8                          0x00026489   Thumb Code     0  memcpya.o(.text)
    __aeabi_memset                           0x000264ad   Thumb Code    14  memseta.o(.text)
    __aeabi_memset4                          0x000264ad   Thumb Code     0  memseta.o(.text)
    __aeabi_memset8                          0x000264ad   Thumb Code     0  memseta.o(.text)
    __aeabi_memclr                           0x000264bb   Thumb Code     4  memseta.o(.text)
    __aeabi_memclr4                          0x000264bb   Thumb Code     0  memseta.o(.text)
    __aeabi_memclr8                          0x000264bb   Thumb Code     0  memseta.o(.text)
    _memset$wrapper                          0x000264bf   Thumb Code    18  memseta.o(.text)
    strlen                                   0x000264d1   Thumb Code    14  strlen.o(.text)
    strcpy                                   0x000264df   Thumb Code    18  strcpy.o(.text)
    __aeabi_llsr                             0x000264f1   Thumb Code    32  llushr.o(.text)
    _ll_ushift_r                             0x000264f1   Thumb Code     0  llushr.o(.text)
    __scatterload                            0x00026511   Thumb Code    28  init.o(.text)
    __scatterload_rt2                        0x00026511   Thumb Code     0  init.o(.text)
    __decompress                             0x00026535   Thumb Code     0  __dczerorl2.o(.text)
    __decompress1                            0x00026535   Thumb Code    86  __dczerorl2.o(.text)
    GPIOTE_IRQHandler                        0x0002658d   Thumb Code   346  nrfx_gpiote.o(i.GPIOTE_IRQHandler)
    POWER_CLOCK_IRQHandler                   0x00026709   Thumb Code    82  nrfx_clock.o(i.POWER_CLOCK_IRQHandler)
    RADIO_IRQHandler                         0x00026761   Thumb Code   144  time_sync - normal.o(i.RADIO_IRQHandler)
    RTC1_IRQHandler                          0x00026879   Thumb Code    12  drv_rtc.o(i.RTC1_IRQHandler)
    SEGGER_RTT_Init                          0x00026889   Thumb Code     4  segger_rtt.o(i.SEGGER_RTT_Init)
    SEGGER_RTT_WriteNoLock                   0x0002688d   Thumb Code    86  segger_rtt.o(i.SEGGER_RTT_WriteNoLock)
    SWI2_EGU2_IRQHandler                     0x000268e9   Thumb Code     4  nrf_sdh.o(i.SWI2_EGU2_IRQHandler)
    SWI3_EGU3_IRQHandler                     0x000268ed   Thumb Code    78  time_sync - normal.o(i.SWI3_EGU3_IRQHandler)
    SystemInit                               0x00026979   Thumb Code   740  system_nrf52.o(i.SystemInit)
    UARTE0_UART0_IRQHandler                  0x00026ca5   Thumb Code     6  nrfx_prs.o(i.UARTE0_UART0_IRQHandler)
    __0printf$bare                           0x00026dcd   Thumb Code     8  printfb.o(i.__0printf$bare)
    __1printf$bare                           0x00026dcd   Thumb Code     0  printfb.o(i.__0printf$bare)
    __2printf                                0x00026dcd   Thumb Code     0  printfb.o(i.__0printf$bare)
    __scatterload_copy                       0x00026ddd   Thumb Code    14  handlers.o(i.__scatterload_copy)
    __scatterload_null                       0x00026deb   Thumb Code     2  handlers.o(i.__scatterload_null)
    __scatterload_zeroinit                   0x00026ded   Thumb Code    14  handlers.o(i.__scatterload_zeroinit)
    app_button_enable                        0x00026e91   Thumb Code    32  app_button.o(i.app_button_enable)
    app_button_init                          0x00026eb5   Thumb Code   106  app_button.o(i.app_button_init)
    app_error_fault_handler                  0x00026f35   Thumb Code    86  app_error_weak.o(i.app_error_fault_handler)
    app_error_handler_bare                   0x00026fb9   Thumb Code    22  app_error.o(i.app_error_handler_bare)
    app_fifo_get                             0x00026fcf   Thumb Code    22  app_fifo.o(i.app_fifo_get)
    app_fifo_init                            0x00026fe5   Thumb Code    32  app_fifo.o(i.app_fifo_init)
    app_fifo_put                             0x00027005   Thumb Code    26  app_fifo.o(i.app_fifo_put)
    app_timer_cnt_get                        0x00027021   Thumb Code     6  app_timer2.o(i.app_timer_cnt_get)
    app_timer_create                         0x0002702d   Thumb Code    22  app_timer2.o(i.app_timer_create)
    app_timer_init                           0x00027045   Thumb Code    70  app_timer2.o(i.app_timer_init)
    app_timer_start                          0x000270a1   Thumb Code    48  app_timer2.o(i.app_timer_start)
    app_timer_stop                           0x000270d1   Thumb Code    12  app_timer2.o(i.app_timer_stop)
    app_uart_get                             0x000270dd   Thumb Code    42  app_uart_fifo.o(i.app_uart_get)
    app_uart_init                            0x00027111   Thumb Code   148  app_uart_fifo.o(i.app_uart_init)
    app_uart_put                             0x000271b5   Thumb Code    70  app_uart_fifo.o(i.app_uart_put)
    app_util_critical_region_enter           0x00027209   Thumb Code    64  app_util_platform.o(i.app_util_critical_region_enter)
    app_util_critical_region_exit            0x00027251   Thumb Code    46  app_util_platform.o(i.app_util_critical_region_exit)
    blcm_link_ctx_get                        0x00027395   Thumb Code    72  ble_link_ctx_manager.o(i.blcm_link_ctx_get)
    ble_advdata_encode                       0x000273dd   Thumb Code   386  ble_advdata.o(i.ble_advdata_encode)
    ble_advdata_parse                        0x0002755f   Thumb Code    32  ble_advdata.o(i.ble_advdata_parse)
    ble_advdata_search                       0x0002757f   Thumb Code    64  ble_advdata.o(i.ble_advdata_search)
    ble_advertising_conn_cfg_tag_set         0x000275bf   Thumb Code     6  ble_advertising.o(i.ble_advertising_conn_cfg_tag_set)
    ble_advertising_init                     0x000275c5   Thumb Code   248  ble_advertising.o(i.ble_advertising_init)
    ble_advertising_on_ble_evt               0x000276bd   Thumb Code   106  ble_advertising.o(i.ble_advertising_on_ble_evt)
    ble_advertising_restart_without_whitelist 0x00027727   Thumb Code    58  ble_advertising.o(i.ble_advertising_restart_without_whitelist)
    ble_advertising_start                    0x00027761   Thumb Code   560  ble_advertising.o(i.ble_advertising_start)
    ble_conn_params_init                     0x00027991   Thumb Code    90  ble_conn_params.o(i.ble_conn_params_init)
    ble_conn_state_conn_idx                  0x000279f9   Thumb Code    18  ble_conn_state.o(i.ble_conn_state_conn_idx)
    ble_conn_state_valid                     0x00027a0d   Thumb Code    16  ble_conn_state.o(i.ble_conn_state_valid)
    ble_nus_data_send                        0x00027de1   Thumb Code   102  ble_nus.o(i.ble_nus_data_send)
    ble_nus_init                             0x00027e49   Thumb Code   206  ble_nus.o(i.ble_nus_init)
    ble_nus_on_ble_evt                       0x00027f1d   Thumb Code   112  ble_nus.o(i.ble_nus_on_ble_evt)
    ble_srv_is_notification_enabled          0x00027f8d   Thumb Code     8  ble_srv_common.o(i.ble_srv_is_notification_enabled)
    bsp_board_button_idx_to_pin              0x00027f95   Thumb Code     6  boards.o(i.bsp_board_button_idx_to_pin)
    bsp_board_button_state_get               0x00027fa1   Thumb Code    28  boards.o(i.bsp_board_button_state_get)
    bsp_board_init                           0x00027fc1   Thumb Code    80  boards.o(i.bsp_board_init)
    bsp_board_led_invert                     0x00028015   Thumb Code    32  boards.o(i.bsp_board_led_invert)
    bsp_board_led_off                        0x00028039   Thumb Code    10  boards.o(i.bsp_board_led_off)
    bsp_board_led_on                         0x00028049   Thumb Code    10  boards.o(i.bsp_board_led_on)
    bsp_board_led_state_get                  0x00028059   Thumb Code    28  boards.o(i.bsp_board_led_state_get)
    bsp_board_leds_off                       0x00028079   Thumb Code    18  boards.o(i.bsp_board_leds_off)
    bsp_board_leds_on                        0x0002808b   Thumb Code    18  boards.o(i.bsp_board_leds_on)
    bsp_board_pin_to_button_idx              0x0002809d   Thumb Code    30  boards.o(i.bsp_board_pin_to_button_idx)
    bsp_btn_ble_init                         0x000280c1   Thumb Code    52  bsp_btn_ble.o(i.bsp_btn_ble_init)
    bsp_btn_ble_sleep_mode_prepare           0x000280f9   Thumb Code    30  bsp_btn_ble.o(i.bsp_btn_ble_sleep_mode_prepare)
    bsp_button_is_pressed                    0x000281a9   Thumb Code    12  bsp.o(i.bsp_button_is_pressed)
    bsp_event_handler                        0x000281b5   Thumb Code   148  main.o(i.bsp_event_handler)
    bsp_event_to_button_action_assign        0x000282a9   Thumb Code    64  bsp.o(i.bsp_event_to_button_action_assign)
    bsp_indication_set                       0x000282ed   Thumb Code    20  bsp.o(i.bsp_indication_set)
    bsp_init                                 0x00028305   Thumb Code   128  bsp.o(i.bsp_init)
    bsp_wakeup_button_enable                 0x00028585   Thumb Code     6  bsp.o(i.bsp_wakeup_button_enable)
    buffer_is_empty                          0x0002864d   Thumb Code    16  nrf_log_frontend.o(i.buffer_is_empty)
    characteristic_add                       0x00028705   Thumb Code   400  ble_srv_common.o(i.characteristic_add)
    conn_handle_list_get                     0x000288f1   Thumb Code    62  ble_conn_state.o(i.conn_handle_list_get)
    drv_rtc_compare_disable                  0x00028b21   Thumb Code    20  drv_rtc.o(i.drv_rtc_compare_disable)
    drv_rtc_compare_pending                  0x00028b35   Thumb Code    14  drv_rtc.o(i.drv_rtc_compare_pending)
    drv_rtc_compare_set                      0x00028b43   Thumb Code    80  drv_rtc.o(i.drv_rtc_compare_set)
    drv_rtc_counter_get                      0x00028b93   Thumb Code     8  drv_rtc.o(i.drv_rtc_counter_get)
    drv_rtc_init                             0x00028b9d   Thumb Code   144  drv_rtc.o(i.drv_rtc_init)
    drv_rtc_irq_trigger                      0x00028c71   Thumb Code    26  drv_rtc.o(i.drv_rtc_irq_trigger)
    drv_rtc_overflow_enable                  0x00028c8b   Thumb Code     8  drv_rtc.o(i.drv_rtc_overflow_enable)
    drv_rtc_overflow_pending                 0x00028c93   Thumb Code     8  drv_rtc.o(i.drv_rtc_overflow_pending)
    drv_rtc_start                            0x00028c9b   Thumb Code     8  drv_rtc.o(i.drv_rtc_start)
    drv_rtc_stop                             0x00028ca3   Thumb Code     8  drv_rtc.o(i.drv_rtc_stop)
    drv_rtc_windowed_compare_set             0x00028cab   Thumb Code   222  drv_rtc.o(i.drv_rtc_windowed_compare_set)
    evt_handle                               0x00028d9d   Thumb Code   216  app_button.o(i.evt_handle)
    fputc                                    0x00028ee9   Thumb Code    14  retarget.o(i.fputc)
    gatt_evt_handler                         0x00028ef9   Thumb Code    52  main.o(i.gatt_evt_handler)
    gatt_init                                0x00028f55   Thumb Code    38  main.o(i.gatt_init)
    main                                     0x000292a5   Thumb Code   482  main.o(i.main)
    nrf_atfifo_init                          0x000296ef   Thumb Code    38  nrf_atfifo.o(i.nrf_atfifo_init)
    nrf_atfifo_item_alloc                    0x00029715   Thumb Code    22  nrf_atfifo.o(i.nrf_atfifo_item_alloc)
    nrf_atfifo_item_free                     0x0002972b   Thumb Code    22  nrf_atfifo.o(i.nrf_atfifo_item_free)
    nrf_atfifo_item_get                      0x00029741   Thumb Code    22  nrf_atfifo.o(i.nrf_atfifo_item_get)
    nrf_atfifo_item_put                      0x00029757   Thumb Code    22  nrf_atfifo.o(i.nrf_atfifo_item_put)
    nrf_atflags_clear                        0x0002976d   Thumb Code    22  nrf_atflags.o(i.nrf_atflags_clear)
    nrf_atflags_get                          0x00029783   Thumb Code    22  nrf_atflags.o(i.nrf_atflags_get)
    nrf_atflags_set                          0x00029799   Thumb Code    20  nrf_atflags.o(i.nrf_atflags_set)
    nrf_atomic_flag_clear_fetch              0x000297ad   Thumb Code     6  nrf_atomic.o(i.nrf_atomic_flag_clear_fetch)
    nrf_atomic_flag_set                      0x000297b3   Thumb Code     6  nrf_atomic.o(i.nrf_atomic_flag_set)
    nrf_atomic_u32_add                       0x000297b9   Thumb Code    12  nrf_atomic.o(i.nrf_atomic_u32_add)
    nrf_atomic_u32_and                       0x000297c5   Thumb Code    12  nrf_atomic.o(i.nrf_atomic_u32_and)
    nrf_atomic_u32_fetch_and                 0x000297d1   Thumb Code    10  nrf_atomic.o(i.nrf_atomic_u32_fetch_and)
    nrf_atomic_u32_fetch_store               0x000297db   Thumb Code    10  nrf_atomic.o(i.nrf_atomic_u32_fetch_store)
    nrf_atomic_u32_or                        0x000297e5   Thumb Code    12  nrf_atomic.o(i.nrf_atomic_u32_or)
    nrf_atomic_u32_sub                       0x000297f1   Thumb Code    12  nrf_atomic.o(i.nrf_atomic_u32_sub)
    nrf_balloc_alloc                         0x000297fd   Thumb Code    68  nrf_balloc.o(i.nrf_balloc_alloc)
    nrf_balloc_free                          0x00029841   Thumb Code    48  nrf_balloc.o(i.nrf_balloc_free)
    nrf_balloc_init                          0x00029871   Thumb Code    48  nrf_balloc.o(i.nrf_balloc_init)
    nrf_ble_gatt_att_mtu_periph_set          0x000298c5   Thumb Code    24  nrf_ble_gatt.o(i.nrf_ble_gatt_att_mtu_periph_set)
    nrf_ble_gatt_init                        0x000298dd   Thumb Code    34  nrf_ble_gatt.o(i.nrf_ble_gatt_init)
    nrf_ble_gatt_on_ble_evt                  0x00029901   Thumb Code   270  nrf_ble_gatt.o(i.nrf_ble_gatt_on_ble_evt)
    nrf_ble_qwr_conn_handle_assign           0x00029a51   Thumb Code    22  nrf_ble_qwr.o(i.nrf_ble_qwr_conn_handle_assign)
    nrf_ble_qwr_init                         0x00029a67   Thumb Code    36  nrf_ble_qwr.o(i.nrf_ble_qwr_init)
    nrf_ble_qwr_on_ble_evt                   0x00029a8b   Thumb Code   182  nrf_ble_qwr.o(i.nrf_ble_qwr_on_ble_evt)
    nrf_drv_clock_init                       0x00029b61   Thumb Code    48  nrf_drv_clock.o(i.nrf_drv_clock_init)
    nrf_drv_clock_lfclk_release              0x00029b99   Thumb Code    42  nrf_drv_clock.o(i.nrf_drv_clock_lfclk_release)
    nrf_drv_uart_init                        0x00029bc9   Thumb Code    90  nrf_drv_uart.o(i.nrf_drv_uart_init)
    nrf_fprintf                              0x00029c71   Thumb Code    26  nrf_fprintf.o(i.nrf_fprintf)
    nrf_fprintf_buffer_flush                 0x00029c8b   Thumb Code    24  nrf_fprintf.o(i.nrf_fprintf_buffer_flush)
    nrf_fprintf_fmt                          0x00029ca3   Thumb Code   474  nrf_fprintf_format.o(i.nrf_fprintf_fmt)
    nrf_log_backend_add                      0x00029fdd   Thumb Code    86  nrf_log_frontend.o(i.nrf_log_backend_add)
    nrf_log_backend_rtt_init                 0x0002a03b   Thumb Code     4  nrf_log_backend_rtt.o(i.nrf_log_backend_rtt_init)
    nrf_log_backend_serial_put               0x0002a059   Thumb Code   200  nrf_log_backend_serial.o(i.nrf_log_backend_serial_put)
    nrf_log_color_id_get                     0x0002a121   Thumb Code    42  nrf_log_frontend.o(i.nrf_log_color_id_get)
    nrf_log_default_backends_init            0x0002a151   Thumb Code    24  nrf_log_default_backends.o(i.nrf_log_default_backends_init)
    nrf_log_frontend_dequeue                 0x0002a16d   Thumb Code   528  nrf_log_frontend.o(i.nrf_log_frontend_dequeue)
    nrf_log_frontend_std_0                   0x0002a3a1   Thumb Code     8  nrf_log_frontend.o(i.nrf_log_frontend_std_0)
    nrf_log_frontend_std_1                   0x0002a3a9   Thumb Code    14  nrf_log_frontend.o(i.nrf_log_frontend_std_1)
    nrf_log_frontend_std_2                   0x0002a3b7   Thumb Code    16  nrf_log_frontend.o(i.nrf_log_frontend_std_2)
    nrf_log_frontend_std_3                   0x0002a3c7   Thumb Code    18  nrf_log_frontend.o(i.nrf_log_frontend_std_3)
    nrf_log_hexdump_entry_process            0x0002a3d9   Thumb Code   150  nrf_log_str_formatter.o(i.nrf_log_hexdump_entry_process)
    nrf_log_init                             0x0002a489   Thumb Code    46  nrf_log_frontend.o(i.nrf_log_init)
    nrf_log_module_cnt_get                   0x0002a4c5   Thumb Code    10  nrf_log_frontend.o(i.nrf_log_module_cnt_get)
    nrf_log_module_name_get                  0x0002a4d9   Thumb Code    24  nrf_log_frontend.o(i.nrf_log_module_name_get)
    nrf_log_panic                            0x0002a4f5   Thumb Code    38  nrf_log_frontend.o(i.nrf_log_panic)
    nrf_log_std_entry_process                0x0002a521   Thumb Code   182  nrf_log_str_formatter.o(i.nrf_log_std_entry_process)
    nrf_memobj_alloc                         0x0002a5d7   Thumb Code    96  nrf_memobj.o(i.nrf_memobj_alloc)
    nrf_memobj_free                          0x0002a637   Thumb Code    50  nrf_memobj.o(i.nrf_memobj_free)
    nrf_memobj_get                           0x0002a669   Thumb Code     8  nrf_memobj.o(i.nrf_memobj_get)
    nrf_memobj_pool_init                     0x0002a671   Thumb Code     4  nrf_memobj.o(i.nrf_memobj_pool_init)
    nrf_memobj_put                           0x0002a675   Thumb Code    30  nrf_memobj.o(i.nrf_memobj_put)
    nrf_memobj_read                          0x0002a693   Thumb Code    16  nrf_memobj.o(i.nrf_memobj_read)
    nrf_memobj_write                         0x0002a6a3   Thumb Code    16  nrf_memobj.o(i.nrf_memobj_write)
    nrf_pwr_mgmt_init                        0x0002a6b5   Thumb Code    28  nrf_pwr_mgmt.o(i.nrf_pwr_mgmt_init)
    nrf_pwr_mgmt_run                         0x0002a6dd   Thumb Code    64  nrf_pwr_mgmt.o(i.nrf_pwr_mgmt_run)
    nrf_ringbuf_init                         0x0002a725   Thumb Code    28  nrf_ringbuf.o(i.nrf_ringbuf_init)
    nrf_sdh_ble_app_ram_start_get            0x0002a74d   Thumb Code    16  nrf_sdh_ble.o(i.nrf_sdh_ble_app_ram_start_get)
    nrf_sdh_ble_default_cfg_set              0x0002a761   Thumb Code   272  nrf_sdh_ble.o(i.nrf_sdh_ble_default_cfg_set)
    nrf_sdh_ble_enable                       0x0002a891   Thumb Code   116  nrf_sdh_ble.o(i.nrf_sdh_ble_enable)
    nrf_sdh_enable_request                   0x0002aa21   Thumb Code   102  nrf_sdh.o(i.nrf_sdh_enable_request)
    nrf_sdh_evts_poll                        0x0002aa95   Thumb Code    32  nrf_sdh.o(i.nrf_sdh_evts_poll)
    nrf_sdh_is_enabled                       0x0002aab9   Thumb Code     6  nrf_sdh.o(i.nrf_sdh_is_enabled)
    nrf_section_iter_init                    0x0002ab01   Thumb Code    10  nrf_section_iter.o(i.nrf_section_iter_init)
    nrf_section_iter_next                    0x0002ab2f   Thumb Code    32  nrf_section_iter.o(i.nrf_section_iter_next)
    nrf_sortlist_add                         0x0002ab4f   Thumb Code    34  nrf_sortlist.o(i.nrf_sortlist_add)
    nrf_sortlist_peek                        0x0002ab71   Thumb Code     6  nrf_sortlist.o(i.nrf_sortlist_peek)
    nrf_sortlist_pop                         0x0002ab77   Thumb Code    14  nrf_sortlist.o(i.nrf_sortlist_pop)
    nrf_sortlist_remove                      0x0002ab85   Thumb Code    30  nrf_sortlist.o(i.nrf_sortlist_remove)
    nrf_strerror_find                        0x0002aba5   Thumb Code    52  nrf_strerror.o(i.nrf_strerror_find)
    nrf_strerror_get                         0x0002abdd   Thumb Code    14  nrf_strerror.o(i.nrf_strerror_get)
    nrfx_clock_enable                        0x0002ac29   Thumb Code    34  nrfx_clock.o(i.nrfx_clock_enable)
    nrfx_clock_init                          0x0002ac55   Thumb Code    26  nrfx_clock.o(i.nrfx_clock_init)
    nrfx_clock_lfclk_stop                    0x0002ac75   Thumb Code    20  nrfx_clock.o(i.nrfx_clock_lfclk_stop)
    nrfx_gpiote_in_event_enable              0x0002aca1   Thumb Code   156  nrfx_gpiote.o(i.nrfx_gpiote_in_event_enable)
    nrfx_gpiote_in_init                      0x0002ad45   Thumb Code   194  nrfx_gpiote.o(i.nrfx_gpiote_in_init)
    nrfx_gpiote_in_is_set                    0x0002ae15   Thumb Code    20  nrfx_gpiote.o(i.nrfx_gpiote_in_is_set)
    nrfx_gpiote_init                         0x0002ae29   Thumb Code    94  nrfx_gpiote.o(i.nrfx_gpiote_init)
    nrfx_gpiote_is_init                      0x0002ae95   Thumb Code    14  nrfx_gpiote.o(i.nrfx_gpiote_is_init)
    nrfx_prs_acquire                         0x0002aeb9   Thumb Code    58  nrfx_prs.o(i.nrfx_prs_acquire)
    nrfx_uart_0_irq_handler                  0x0002aef5   Thumb Code     8  nrfx_uart.o(i.nrfx_uart_0_irq_handler)
    nrfx_uart_init                           0x0002af05   Thumb Code   196  nrfx_uart.o(i.nrfx_uart_init)
    nrfx_uart_rx                             0x0002afd5   Thumb Code   230  nrfx_uart.o(i.nrfx_uart_rx)
    nrfx_uart_tx                             0x0002b0c1   Thumb Code   162  nrfx_uart.o(i.nrfx_uart_tx)
    nrfx_uart_tx_in_progress                 0x0002b169   Thumb Code    26  nrfx_uart.o(i.nrfx_uart_tx_in_progress)
    nrfx_uarte_0_irq_handler                 0x0002b189   Thumb Code     8  nrfx_uarte.o(i.nrfx_uarte_0_irq_handler)
    nrfx_uarte_init                          0x0002b199   Thumb Code   100  nrfx_uarte.o(i.nrfx_uarte_init)
    nrfx_uarte_rx                            0x0002b205   Thumb Code   256  nrfx_uarte.o(i.nrfx_uarte_rx)
    nrfx_uarte_tx                            0x0002b309   Thumb Code   166  nrfx_uarte.o(i.nrfx_uarte_tx)
    nrfx_uarte_tx_in_progress                0x0002b3b5   Thumb Code    22  nrfx_uarte.o(i.nrfx_uarte_tx_in_progress)
    sync_timer_consensus_compensate          0x0002c04d   Thumb Code   226  time_sync - normal.o(i.sync_timer_consensus_compensate)
    ts_enable                                0x0002c651   Thumb Code   230  time_sync - normal.o(i.ts_enable)
    ts_init                                  0x0002c769   Thumb Code    52  time_sync - normal.o(i.ts_init)
    ts_tx_start                              0x0002c90d   Thumb Code    30  time_sync - normal.o(i.ts_tx_start)
    ts_tx_stop                               0x0002c939   Thumb Code     8  time_sync - normal.o(i.ts_tx_stop)
    uart_event_handle                        0x0002c999   Thumb Code   112  main.o(i.uart_event_handle)
    nrf_log_backend_rtt_api                  0x0002d2b8   Data          12  nrf_log_backend_rtt.o(.constdata)
    m_ram_start                              0x0002d35c   Data           4  nrf_sdh_ble.o(.constdata)
    __ctype_table                            0x0002d388   Data         129  ctype_o.o(.constdata)
    Region$$Table$$Base                      0x0002db8c   Number         0  anon$$obj.o(Region$$Table)
    Region$$Table$$Limit                     0x0002dbac   Number         0  anon$$obj.o(Region$$Table)
    log_const_data$$Base                     0x0002dbbc   Number         0  time_sync - normal.o(log_const_data)
    m_nrf_log_time_sync_logs_data_const      0x0002dbbc   Data           8  time_sync - normal.o(log_const_data)
    m_nrf_log_nrf_ble_gatt_logs_data_const   0x0002dbc4   Data           8  nrf_ble_gatt.o(log_const_data)
    m_nrf_log_ble_nus_logs_data_const        0x0002dbcc   Data           8  ble_nus.o(log_const_data)
    m_nrf_log_clock_logs_data_const          0x0002dbd4   Data           8  nrf_drv_clock.o(log_const_data)
    m_nrf_log_CLOCK_logs_data_const          0x0002dbdc   Data           8  nrfx_clock.o(log_const_data)
    m_nrf_log_GPIOTE_logs_data_const         0x0002dbe4   Data           8  nrfx_gpiote.o(log_const_data)
    m_nrf_log_PRS_logs_data_const            0x0002dbec   Data           8  nrfx_prs.o(log_const_data)
    m_nrf_log_UART_logs_data_const           0x0002dbf4   Data           8  nrfx_uart.o(log_const_data)
    m_nrf_log_UARTE_logs_data_const          0x0002dbfc   Data           8  nrfx_uarte.o(log_const_data)
    m_nrf_log_app_button_logs_data_const     0x0002dc04   Data           8  app_button.o(log_const_data)
    m_nrf_log_app_timer_logs_data_const      0x0002dc0c   Data           8  app_timer2.o(log_const_data)
    m_nrf_log_pwr_mgmt_logs_data_const       0x0002dc14   Data           8  nrf_pwr_mgmt.o(log_const_data)
    m_nrf_log_sortlist_logs_data_const       0x0002dc1c   Data           8  nrf_sortlist.o(log_const_data)
    m_nrf_log_app_logs_data_const            0x0002dc24   Data           8  nrf_log_frontend.o(log_const_data)
    m_nrf_log_nrf_sdh_logs_data_const        0x0002dc2c   Data           8  nrf_sdh.o(log_const_data)
    m_nrf_log_nrf_sdh_ble_logs_data_const    0x0002dc34   Data           8  nrf_sdh_ble.o(log_const_data)
    m_nrf_log_nrf_sdh_soc_logs_data_const    0x0002dc3c   Data           8  nrf_sdh_soc.o(log_const_data)
    log_const_data$$Limit                    0x0002dc44   Number         0  nrf_sdh_soc.o(log_const_data)
    m_sync_pkt_pool                          0x0002dc44   Data          20  time_sync - normal.o(nrf_balloc)
    log_mempool                              0x0002dc58   Data          20  nrf_log_frontend.o(nrf_balloc)
    sdh_ble_observers0$$Base                 0x0002dc6c   Number         0  ble_conn_state.o(sdh_ble_observers0)
    sdh_ble_observers0$$Limit                0x0002dc74   Number         0  ble_conn_state.o(sdh_ble_observers0)
    sdh_ble_observers1$$Base                 0x0002dc74   Number         0  main.o(sdh_ble_observers1)
    sdh_ble_observers1$$Limit                0x0002dc94   Number         0  ble_conn_params.o(sdh_ble_observers1)
    sdh_ble_observers2$$Base                 0x0002dc94   Number         0  main.o(sdh_ble_observers2)
    sdh_ble_observers2$$Limit                0x0002dca4   Number         0  main.o(sdh_ble_observers2)
    sdh_ble_observers3$$Base                 0x0002dca4   Number         0  main.o(sdh_ble_observers3)
    sdh_ble_observers3$$Limit                0x0002dcac   Number         0  main.o(sdh_ble_observers3)
    sdh_soc_observers0$$Base                 0x0002dcac   Number         0  time_sync - normal.o(sdh_soc_observers0)
    sdh_soc_observers0$$Limit                0x0002dcbc   Number         0  nrf_drv_clock.o(sdh_soc_observers0)
    sdh_stack_observers0$$Base               0x0002dcbc   Number         0  nrf_sdh_ble.o(sdh_stack_observers0)
    sdh_stack_observers0$$Limit              0x0002dccc   Number         0  nrf_sdh_soc.o(sdh_stack_observers0)
    sdh_state_observers0$$Base               0x0002dccc   Number         0  nrf_drv_clock.o(sdh_state_observers0)
    sdh_state_observers0$$Limit              0x0002dcd4   Number         0  nrf_drv_clock.o(sdh_state_observers0)
    Image$$RW_IRAM1$$Base                    0x20002ad8   Number         0  anon$$obj.o ABSOLUTE
    send_timeslot                            0x20002b11   Data           1  time_sync - normal.o(.data)
    nrf_drv_uart_use_easy_dma                0x20002bc4   Data           1  nrf_drv_uart.o(.data)
    __stdout                                 0x20002c4c   Data           4  retarget.o(.data)
    SystemCoreClock                          0x20002cb0   Data           4  system_nrf52.o(.data)
    nrf_nvic_state                           0x20003790   Data          12  app_util_platform.o(.bss)
    _SEGGER_RTT                              0x20003d64   Data         120  segger_rtt.o(.bss)
    __initial_sp                             0x20005ff0   Data           0  arm_startup_nrf52.o(STACK)



==============================================================================

Memory Map of the image

  Image Entry point : 0x00026201

  Load Region LR_IROM1 (Base: 0x00026000, Size: 0x00007eb0, Max: 0x0005a000, ABSOLUTE, COMPRESSED[0x00007d4c])

    Execution Region ER_IROM1 (Exec base: 0x00026000, Load base: 0x00026000, Size: 0x00007cd4, Max: 0x0005a000, ABSOLUTE)

    Exec Addr    Load Addr    Size         Type   Attr      Idx    E Section Name        Object

    0x00026000   0x00026000   0x00000200   Data   RO         5560    RESET               arm_startup_nrf52.o
    0x00026200   0x00026200   0x00000000   Code   RO         5604  * .ARM.Collect$$$$00000000  mc_w.l(entry.o)
    0x00026200   0x00026200   0x00000004   Code   RO         5911    .ARM.Collect$$$$00000001  mc_w.l(entry2.o)
    0x00026204   0x00026204   0x00000004   Code   RO         5914    .ARM.Collect$$$$00000004  mc_w.l(entry5.o)
    0x00026208   0x00026208   0x00000000   Code   RO         5916    .ARM.Collect$$$$00000008  mc_w.l(entry7b.o)
    0x00026208   0x00026208   0x00000000   Code   RO         5918    .ARM.Collect$$$$0000000A  mc_w.l(entry8b.o)
    0x00026208   0x00026208   0x00000008   Code   RO         5919    .ARM.Collect$$$$0000000B  mc_w.l(entry9a.o)
    0x00026210   0x00026210   0x00000000   Code   RO         5921    .ARM.Collect$$$$0000000D  mc_w.l(entry10a.o)
    0x00026210   0x00026210   0x00000000   Code   RO         5923    .ARM.Collect$$$$0000000F  mc_w.l(entry11a.o)
    0x00026210   0x00026210   0x00000004   Code   RO         5912    .ARM.Collect$$$$00002712  mc_w.l(entry2.o)
    0x00026214   0x00026214   0x0000001a   Code   RO         3234    .emb_text           app_error_handler_keil.o
    0x0002622e   0x0002622e   0x00000002   PAD
    0x00026230   0x00026230   0x000000c8   Code   RO         3946    .emb_text           nrf_atfifo.o
    0x000262f8   0x000262f8   0x000000e2   Code   RO         4082    .emb_text           nrf_atomic.o
    0x000263da   0x000263da   0x00000002   PAD
    0x000263dc   0x000263dc   0x00000024   Code   RO         5561    .text               arm_startup_nrf52.o
    0x00026400   0x00026400   0x00000062   Code   RO         5607    .text               mc_w.l(uldiv.o)
    0x00026462   0x00026462   0x0000001e   Code   RO         5609    .text               mc_w.l(llshl.o)
    0x00026480   0x00026480   0x00000008   Code   RO         5611    .text               mc_w.l(ctype_o.o)
    0x00026488   0x00026488   0x00000024   Code   RO         5639    .text               mc_w.l(memcpya.o)
    0x000264ac   0x000264ac   0x00000024   Code   RO         5641    .text               mc_w.l(memseta.o)
    0x000264d0   0x000264d0   0x0000000e   Code   RO         5643    .text               mc_w.l(strlen.o)
    0x000264de   0x000264de   0x00000012   Code   RO         5647    .text               mc_w.l(strcpy.o)
    0x000264f0   0x000264f0   0x00000020   Code   RO         5927    .text               mc_w.l(llushr.o)
    0x00026510   0x00026510   0x00000024   Code   RO         5940    .text               mc_w.l(init.o)
    0x00026534   0x00026534   0x00000056   Code   RO         5954    .text               mc_w.l(__dczerorl2.o)
    0x0002658a   0x0002658a   0x00000002   PAD
    0x0002658c   0x0002658c   0x00000164   Code   RO         2426    i.GPIOTE_IRQHandler  nrfx_gpiote.o
    0x000266f0   0x000266f0   0x00000016   Code   RO          424    i.NVIC_EnableIRQ    time_sync - normal.o
    0x00026706   0x00026706   0x00000002   PAD
    0x00026708   0x00026708   0x00000058   Code   RO         2288    i.POWER_CLOCK_IRQHandler  nrfx_clock.o
    0x00026760   0x00026760   0x00000118   Code   RO          425    i.RADIO_IRQHandler  time_sync - normal.o
    0x00026878   0x00026878   0x00000010   Code   RO         3735    i.RTC1_IRQHandler   drv_rtc.o
    0x00026888   0x00026888   0x00000004   Code   RO         5100    i.SEGGER_RTT_Init   segger_rtt.o
    0x0002688c   0x0002688c   0x0000005c   Code   RO         5114    i.SEGGER_RTT_WriteNoLock  segger_rtt.o
    0x000268e8   0x000268e8   0x00000004   Code   RO         5351    i.SWI2_EGU2_IRQHandler  nrf_sdh.o
    0x000268ec   0x000268ec   0x0000008c   Code   RO          426    i.SWI3_EGU3_IRQHandler  time_sync - normal.o
    0x00026978   0x00026978   0x0000032c   Code   RO         5569    i.SystemInit        system_nrf52.o
    0x00026ca4   0x00026ca4   0x0000000c   Code   RO         2695    i.UARTE0_UART0_IRQHandler  nrfx_prs.o
    0x00026cb0   0x00026cb0   0x00000068   Code   RO         5118    i._DoInit           segger_rtt.o
    0x00026d18   0x00026d18   0x00000016   Code   RO         5119    i._GetAvailWriteSpace  segger_rtt.o
    0x00026d2e   0x00026d2e   0x0000005a   Code   RO         5121    i._WriteBlocking    segger_rtt.o
    0x00026d88   0x00026d88   0x00000042   Code   RO         5122    i._WriteNoCheck     segger_rtt.o
    0x00026dca   0x00026dca   0x00000002   PAD
    0x00026dcc   0x00026dcc   0x00000010   Code   RO         5652    i.__0printf$bare    mc_w.l(printfb.o)
    0x00026ddc   0x00026ddc   0x0000000e   Code   RO         5948    i.__scatterload_copy  mc_w.l(handlers.o)
    0x00026dea   0x00026dea   0x00000002   Code   RO         5949    i.__scatterload_null  mc_w.l(handlers.o)
    0x00026dec   0x00026dec   0x0000000e   Code   RO         5950    i.__scatterload_zeroinit  mc_w.l(handlers.o)
    0x00026dfa   0x00026dfa   0x00000002   PAD
    0x00026dfc   0x00026dfc   0x00000024   Code   RO         5352    i.__sd_nvic_app_accessible_irq  nrf_sdh.o
    0x00026e20   0x00026e20   0x00000022   Code   RO         5659    i._printf_core      mc_w.l(printfb.o)
    0x00026e42   0x00026e42   0x00000010   Code   RO         1282    i.adv_set_data_size_max_get  ble_advertising.o
    0x00026e52   0x00026e52   0x00000036   Code   RO          992    i.advertising_buttons_configure  bsp_btn_ble.o
    0x00026e88   0x00026e88   0x00000006   Code   RO          856    i.alert_timer_handler  bsp.o
    0x00026e8e   0x00026e8e   0x00000002   PAD
    0x00026e90   0x00026e90   0x00000024   Code   RO         3098    i.app_button_enable  app_button.o
    0x00026eb4   0x00026eb4   0x00000080   Code   RO         3099    i.app_button_init   app_button.o
    0x00026f34   0x00026f34   0x00000084   Code   RO         3256    i.app_error_fault_handler  app_error_weak.o
    0x00026fb8   0x00026fb8   0x00000016   Code   RO         3196    i.app_error_handler_bare  app_error.o
    0x00026fce   0x00026fce   0x00000016   Code   RO         3316    i.app_fifo_get      app_fifo.o
    0x00026fe4   0x00026fe4   0x00000020   Code   RO         3317    i.app_fifo_init     app_fifo.o
    0x00027004   0x00027004   0x0000001a   Code   RO         3319    i.app_fifo_put      app_fifo.o
    0x0002701e   0x0002701e   0x00000002   PAD
    0x00027020   0x00027020   0x0000000c   Code   RO         3440    i.app_timer_cnt_get  app_timer2.o
    0x0002702c   0x0002702c   0x00000016   Code   RO         3441    i.app_timer_create  app_timer2.o
    0x00027042   0x00027042   0x00000002   PAD
    0x00027044   0x00027044   0x0000005c   Code   RO         3442    i.app_timer_init    app_timer2.o
    0x000270a0   0x000270a0   0x00000030   Code   RO         3445    i.app_timer_start   app_timer2.o
    0x000270d0   0x000270d0   0x0000000c   Code   RO         3446    i.app_timer_stop    app_timer2.o
    0x000270dc   0x000270dc   0x00000034   Code   RO         3583    i.app_uart_get      app_uart_fifo.o
    0x00027110   0x00027110   0x000000a4   Code   RO         3584    i.app_uart_init     app_uart_fifo.o
    0x000271b4   0x000271b4   0x00000054   Code   RO         3585    i.app_uart_put      app_uart_fifo.o
    0x00027208   0x00027208   0x00000048   Code   RO         3667    i.app_util_critical_region_enter  app_util_platform.o
    0x00027250   0x00027250   0x00000034   Code   RO         3668    i.app_util_critical_region_exit  app_util_platform.o
    0x00027284   0x00027284   0x00000088   Code   RO         2749    i.apply_config      nrfx_uart.o
    0x0002730c   0x0002730c   0x00000088   Code   RO         2937    i.apply_config      nrfx_uarte.o
    0x00027394   0x00027394   0x00000048   Code   RO         1649    i.blcm_link_ctx_get  ble_link_ctx_manager.o
    0x000273dc   0x000273dc   0x00000182   Code   RO         1164    i.ble_advdata_encode  ble_advdata.o
    0x0002755e   0x0002755e   0x00000020   Code   RO         1166    i.ble_advdata_parse  ble_advdata.o
    0x0002757e   0x0002757e   0x00000040   Code   RO         1167    i.ble_advdata_search  ble_advdata.o
    0x000275be   0x000275be   0x00000006   Code   RO         1284    i.ble_advertising_conn_cfg_tag_set  ble_advertising.o
    0x000275c4   0x000275c4   0x000000f8   Code   RO         1285    i.ble_advertising_init  ble_advertising.o
    0x000276bc   0x000276bc   0x0000006a   Code   RO         1287    i.ble_advertising_on_ble_evt  ble_advertising.o
    0x00027726   0x00027726   0x0000003a   Code   RO         1289    i.ble_advertising_restart_without_whitelist  ble_advertising.o
    0x00027760   0x00027760   0x00000230   Code   RO         1290    i.ble_advertising_start  ble_advertising.o
    0x00027990   0x00027990   0x00000068   Code   RO         1397    i.ble_conn_params_init  ble_conn_params.o
    0x000279f8   0x000279f8   0x00000012   Code   RO         1481    i.ble_conn_state_conn_idx  ble_conn_state.o
    0x00027a0a   0x00027a0a   0x00000002   PAD
    0x00027a0c   0x00027a0c   0x00000014   Code   RO         1495    i.ble_conn_state_valid  ble_conn_state.o
    0x00027a20   0x00027a20   0x00000060   Code   RO         1170    i.ble_device_addr_encode  ble_advdata.o
    0x00027a80   0x00027a80   0x000000dc   Code   RO            5    i.ble_evt_handler   main.o
    0x00027b5c   0x00027b5c   0x00000070   Code   RO          993    i.ble_evt_handler   bsp_btn_ble.o
    0x00027bcc   0x00027bcc   0x000000fc   Code   RO         1399    i.ble_evt_handler   ble_conn_params.o
    0x00027cc8   0x00027cc8   0x00000118   Code   RO         1496    i.ble_evt_handler   ble_conn_state.o
    0x00027de0   0x00027de0   0x00000066   Code   RO         1884    i.ble_nus_data_send  ble_nus.o
    0x00027e46   0x00027e46   0x00000002   PAD
    0x00027e48   0x00027e48   0x000000d4   Code   RO         1885    i.ble_nus_init      ble_nus.o
    0x00027f1c   0x00027f1c   0x00000070   Code   RO         1886    i.ble_nus_on_ble_evt  ble_nus.o
    0x00027f8c   0x00027f8c   0x00000008   Code   RO         1678    i.ble_srv_is_notification_enabled  ble_srv_common.o
    0x00027f94   0x00027f94   0x0000000c   Code   RO          625    i.bsp_board_button_idx_to_pin  boards.o
    0x00027fa0   0x00027fa0   0x00000020   Code   RO          626    i.bsp_board_button_state_get  boards.o
    0x00027fc0   0x00027fc0   0x00000054   Code   RO          627    i.bsp_board_init    boards.o
    0x00028014   0x00028014   0x00000024   Code   RO          629    i.bsp_board_led_invert  boards.o
    0x00028038   0x00028038   0x00000010   Code   RO          630    i.bsp_board_led_off  boards.o
    0x00028048   0x00028048   0x00000010   Code   RO          631    i.bsp_board_led_on  boards.o
    0x00028058   0x00028058   0x00000020   Code   RO          632    i.bsp_board_led_state_get  boards.o
    0x00028078   0x00028078   0x00000012   Code   RO          633    i.bsp_board_leds_off  boards.o
    0x0002808a   0x0002808a   0x00000012   Code   RO          634    i.bsp_board_leds_on  boards.o
    0x0002809c   0x0002809c   0x00000024   Code   RO          635    i.bsp_board_pin_to_button_idx  boards.o
    0x000280c0   0x000280c0   0x00000038   Code   RO          994    i.bsp_btn_ble_init  bsp_btn_ble.o
    0x000280f8   0x000280f8   0x0000001e   Code   RO          995    i.bsp_btn_ble_sleep_mode_prepare  bsp_btn_ble.o
    0x00028116   0x00028116   0x00000002   PAD
    0x00028118   0x00028118   0x00000090   Code   RO          857    i.bsp_button_event_handler  bsp.o
    0x000281a8   0x000281a8   0x0000000c   Code   RO          858    i.bsp_button_is_pressed  bsp.o
    0x000281b4   0x000281b4   0x000000f4   Code   RO            6    i.bsp_event_handler  main.o
    0x000282a8   0x000282a8   0x00000044   Code   RO          861    i.bsp_event_to_button_action_assign  bsp.o
    0x000282ec   0x000282ec   0x00000018   Code   RO          862    i.bsp_indication_set  bsp.o
    0x00028304   0x00028304   0x00000094   Code   RO          863    i.bsp_init          bsp.o
    0x00028398   0x00028398   0x000001ec   Code   RO          864    i.bsp_led_indication  bsp.o
    0x00028584   0x00028584   0x00000006   Code   RO          866    i.bsp_wakeup_button_enable  bsp.o
    0x0002858a   0x0002858a   0x00000002   PAD
    0x0002858c   0x0002858c   0x00000090   Code   RO         4855    i.buf_prealloc      nrf_log_frontend.o
    0x0002861c   0x0002861c   0x0000002e   Code   RO         4294    i.buffer_add        nrf_fprintf_format.o
    0x0002864a   0x0002864a   0x00000002   PAD
    0x0002864c   0x0002864c   0x00000014   Code   RO         4856    i.buffer_is_empty   nrf_log_frontend.o
    0x00028660   0x00028660   0x00000028   Code   RO         3101    i.button_get        app_button.o
    0x00028688   0x00028688   0x00000008   Code   RO          867    i.button_timer_handler  bsp.o
    0x00028690   0x00028690   0x0000001c   Code   RO         2427    i.channel_free      nrfx_gpiote.o
    0x000286ac   0x000286ac   0x00000048   Code   RO         2428    i.channel_port_alloc  nrfx_gpiote.o
    0x000286f4   0x000286f4   0x00000010   Code   RO         2429    i.channel_port_get  nrfx_gpiote.o
    0x00028704   0x00028704   0x00000190   Code   RO         1680    i.characteristic_add  ble_srv_common.o
    0x00028894   0x00028894   0x00000028   Code   RO         1945    i.clock_clk_started_notify  nrf_drv_clock.o
    0x000288bc   0x000288bc   0x0000001c   Code   RO         1946    i.clock_irq_handler  nrf_drv_clock.o
    0x000288d8   0x000288d8   0x00000018   Code   RO         3448    i.compare_func      app_timer2.o
    0x000288f0   0x000288f0   0x0000003e   Code   RO         1497    i.conn_handle_list_get  ble_conn_state.o
    0x0002892e   0x0002892e   0x00000088   Code   RO         1171    i.conn_int_encode   ble_advdata.o
    0x000289b6   0x000289b6   0x00000004   Code   RO            7    i.conn_params_error_handler  main.o
    0x000289ba   0x000289ba   0x00000002   PAD
    0x000289bc   0x000289bc   0x00000048   Code   RO         1400    i.conn_params_negotiation  ble_conn_params.o
    0x00028a04   0x00028a04   0x000000c0   Code   RO         1738    i.data_length_update  nrf_ble_gatt.o
    0x00028ac4   0x00028ac4   0x00000048   Code   RO         3102    i.detection_delay_timeout_handler  app_button.o
    0x00028b0c   0x00028b0c   0x00000014   Code   RO         4857    i.dropped_sat16_get  nrf_log_frontend.o
    0x00028b20   0x00028b20   0x00000014   Code   RO         3736    i.drv_rtc_compare_disable  drv_rtc.o
    0x00028b34   0x00028b34   0x0000000e   Code   RO         3738    i.drv_rtc_compare_pending  drv_rtc.o
    0x00028b42   0x00028b42   0x00000050   Code   RO         3739    i.drv_rtc_compare_set  drv_rtc.o
    0x00028b92   0x00028b92   0x00000008   Code   RO         3740    i.drv_rtc_counter_get  drv_rtc.o
    0x00028b9a   0x00028b9a   0x00000002   PAD
    0x00028b9c   0x00028b9c   0x000000d4   Code   RO         3741    i.drv_rtc_init      drv_rtc.o
    0x00028c70   0x00028c70   0x0000001a   Code   RO         3742    i.drv_rtc_irq_trigger  drv_rtc.o
    0x00028c8a   0x00028c8a   0x00000008   Code   RO         3744    i.drv_rtc_overflow_enable  drv_rtc.o
    0x00028c92   0x00028c92   0x00000008   Code   RO         3745    i.drv_rtc_overflow_pending  drv_rtc.o
    0x00028c9a   0x00028c9a   0x00000008   Code   RO         3746    i.drv_rtc_start     drv_rtc.o
    0x00028ca2   0x00028ca2   0x00000008   Code   RO         3747    i.drv_rtc_stop      drv_rtc.o
    0x00028caa   0x00028caa   0x000000de   Code   RO         3752    i.drv_rtc_windowed_compare_set  drv_rtc.o
    0x00028d88   0x00028d88   0x00000012   Code   RO         3753    i.evt_enable        drv_rtc.o
    0x00028d9a   0x00028d9a   0x00000002   PAD
    0x00028d9c   0x00028d9c   0x000000e0   Code   RO         3103    i.evt_handle        app_button.o
    0x00028e7c   0x00028e7c   0x00000014   Code   RO         3754    i.evt_pending       drv_rtc.o
    0x00028e90   0x00028e90   0x00000014   Code   RO         3322    i.fifo_get          app_fifo.o
    0x00028ea4   0x00028ea4   0x00000012   Code   RO         3323    i.fifo_put          app_fifo.o
    0x00028eb6   0x00028eb6   0x0000000a   Code   RO         1498    i.flag_toggle       ble_conn_state.o
    0x00028ec0   0x00028ec0   0x00000028   Code   RO         1292    i.flags_set         ble_advertising.o
    0x00028ee8   0x00028ee8   0x0000000e   Code   RO         4676    i.fputc             retarget.o
    0x00028ef6   0x00028ef6   0x00000002   PAD
    0x00028ef8   0x00028ef8   0x0000005c   Code   RO            8    i.gatt_evt_handler  main.o
    0x00028f54   0x00028f54   0x00000030   Code   RO            9    i.gatt_init         main.o
    0x00028f84   0x00028f84   0x00000034   Code   RO         3449    i.get_now           app_timer2.o
    0x00028fb8   0x00028fb8   0x0000003c   Code   RO         3104    i.gpiote_event_handler  app_button.o
    0x00028ff4   0x00028ff4   0x00000014   Code   RO         1401    i.instance_get      ble_conn_params.o
    0x00029008   0x00029008   0x000000a6   Code   RO         4295    i.int_print         nrf_fprintf_format.o
    0x000290ae   0x000290ae   0x00000002   PAD
    0x000290b0   0x000290b0   0x00000084   Code   RO         2938    i.interrupts_enable  nrfx_uarte.o
    0x00029134   0x00029134   0x00000034   Code   RO         4858    i.invalid_packets_omit  nrf_log_frontend.o
    0x00029168   0x00029168   0x00000044   Code   RO         1402    i.is_conn_params_ok  ble_conn_params.o
    0x000291ac   0x000291ac   0x00000030   Code   RO          868    i.leds_off          bsp.o
    0x000291dc   0x000291dc   0x00000014   Code   RO          869    i.leds_timer_handler  bsp.o
    0x000291f0   0x000291f0   0x00000018   Code   RO         1739    i.link_init         nrf_ble_gatt.o
    0x00029208   0x00029208   0x0000009c   Code   RO         4859    i.log_skip          nrf_log_frontend.o
    0x000292a4   0x000292a4   0x00000290   Code   RO           10    i.main              main.o
    0x00029534   0x00029534   0x00000064   Code   RO         1172    i.manuf_specific_data_encode  ble_advdata.o
    0x00029598   0x00029598   0x0000007e   Code   RO         4334    i.memobj_op         nrf_memobj.o
    0x00029616   0x00029616   0x00000002   PAD
    0x00029618   0x00029618   0x00000030   Code   RO         4860    i.module_idx_get    nrf_log_frontend.o
    0x00029648   0x00029648   0x000000a6   Code   RO         1173    i.name_encode       ble_advdata.o
    0x000296ee   0x000296ee   0x00000026   Code   RO         3950    i.nrf_atfifo_init   nrf_atfifo.o
    0x00029714   0x00029714   0x00000016   Code   RO         3951    i.nrf_atfifo_item_alloc  nrf_atfifo.o
    0x0002972a   0x0002972a   0x00000016   Code   RO         3952    i.nrf_atfifo_item_free  nrf_atfifo.o
    0x00029740   0x00029740   0x00000016   Code   RO         3953    i.nrf_atfifo_item_get  nrf_atfifo.o
    0x00029756   0x00029756   0x00000016   Code   RO         3954    i.nrf_atfifo_item_put  nrf_atfifo.o
    0x0002976c   0x0002976c   0x00000016   Code   RO         4016    i.nrf_atflags_clear  nrf_atflags.o
    0x00029782   0x00029782   0x00000016   Code   RO         4021    i.nrf_atflags_get   nrf_atflags.o
    0x00029798   0x00029798   0x00000014   Code   RO         4023    i.nrf_atflags_set   nrf_atflags.o
    0x000297ac   0x000297ac   0x00000006   Code   RO         4084    i.nrf_atomic_flag_clear_fetch  nrf_atomic.o
    0x000297b2   0x000297b2   0x00000006   Code   RO         4085    i.nrf_atomic_flag_set  nrf_atomic.o
    0x000297b8   0x000297b8   0x0000000c   Code   RO         4087    i.nrf_atomic_u32_add  nrf_atomic.o
    0x000297c4   0x000297c4   0x0000000c   Code   RO         4088    i.nrf_atomic_u32_and  nrf_atomic.o
    0x000297d0   0x000297d0   0x0000000a   Code   RO         4091    i.nrf_atomic_u32_fetch_and  nrf_atomic.o
    0x000297da   0x000297da   0x0000000a   Code   RO         4093    i.nrf_atomic_u32_fetch_store  nrf_atomic.o
    0x000297e4   0x000297e4   0x0000000c   Code   RO         4097    i.nrf_atomic_u32_or  nrf_atomic.o
    0x000297f0   0x000297f0   0x0000000c   Code   RO         4099    i.nrf_atomic_u32_sub  nrf_atomic.o
    0x000297fc   0x000297fc   0x00000044   Code   RO         4218    i.nrf_balloc_alloc  nrf_balloc.o
    0x00029840   0x00029840   0x00000030   Code   RO         4219    i.nrf_balloc_free   nrf_balloc.o
    0x00029870   0x00029870   0x00000030   Code   RO         4220    i.nrf_balloc_init   nrf_balloc.o
    0x000298a0   0x000298a0   0x00000010   Code   RO         2430    i.nrf_bitmask_bit_is_set  nrfx_gpiote.o
    0x000298b0   0x000298b0   0x00000014   Code   RO         2431    i.nrf_bitmask_bit_set  nrfx_gpiote.o
    0x000298c4   0x000298c4   0x00000018   Code   RO         1741    i.nrf_ble_gatt_att_mtu_periph_set  nrf_ble_gatt.o
    0x000298dc   0x000298dc   0x00000022   Code   RO         1745    i.nrf_ble_gatt_init  nrf_ble_gatt.o
    0x000298fe   0x000298fe   0x00000002   PAD
    0x00029900   0x00029900   0x00000150   Code   RO         1746    i.nrf_ble_gatt_on_ble_evt  nrf_ble_gatt.o
    0x00029a50   0x00029a50   0x00000016   Code   RO         1840    i.nrf_ble_qwr_conn_handle_assign  nrf_ble_qwr.o
    0x00029a66   0x00029a66   0x00000024   Code   RO         1841    i.nrf_ble_qwr_init  nrf_ble_qwr.o
    0x00029a8a   0x00029a8a   0x000000b6   Code   RO         1842    i.nrf_ble_qwr_on_ble_evt  nrf_ble_qwr.o
    0x00029b40   0x00029b40   0x0000000e   Code   RO         2289    i.nrf_clock_event_check  nrfx_clock.o
    0x00029b4e   0x00029b4e   0x00000010   Code   RO         2290    i.nrf_clock_event_clear  nrfx_clock.o
    0x00029b5e   0x00029b5e   0x00000002   PAD
    0x00029b60   0x00029b60   0x00000038   Code   RO         1953    i.nrf_drv_clock_init  nrf_drv_clock.o
    0x00029b98   0x00029b98   0x00000030   Code   RO         1957    i.nrf_drv_clock_lfclk_release  nrf_drv_clock.o
    0x00029bc8   0x00029bc8   0x00000068   Code   RO         2097    i.nrf_drv_uart_init  nrf_drv_uart.o
    0x00029c30   0x00029c30   0x00000020   Code   RO         3586    i.nrf_drv_uart_rx   app_uart_fifo.o
    0x00029c50   0x00029c50   0x00000020   Code   RO         3587    i.nrf_drv_uart_tx   app_uart_fifo.o
    0x00029c70   0x00029c70   0x0000001a   Code   RO         4255    i.nrf_fprintf       nrf_fprintf.o
    0x00029c8a   0x00029c8a   0x00000018   Code   RO         4256    i.nrf_fprintf_buffer_flush  nrf_fprintf.o
    0x00029ca2   0x00029ca2   0x000001da   Code   RO         4296    i.nrf_fprintf_fmt   nrf_fprintf_format.o
    0x00029e7c   0x00029e7c   0x00000024   Code   RO          637    i.nrf_gpio_cfg      boards.o
    0x00029ea0   0x00029ea0   0x00000024   Code   RO         2432    i.nrf_gpio_cfg      nrfx_gpiote.o
    0x00029ec4   0x00029ec4   0x00000024   Code   RO         2750    i.nrf_gpio_cfg      nrfx_uart.o
    0x00029ee8   0x00029ee8   0x00000024   Code   RO         2939    i.nrf_gpio_cfg      nrfx_uarte.o
    0x00029f0c   0x00029f0c   0x00000012   Code   RO         2752    i.nrf_gpio_cfg_input  nrfx_uart.o
    0x00029f1e   0x00029f1e   0x00000012   Code   RO         2941    i.nrf_gpio_cfg_input  nrfx_uarte.o
    0x00029f30   0x00029f30   0x00000014   Code   RO         2753    i.nrf_gpio_cfg_output  nrfx_uart.o
    0x00029f44   0x00029f44   0x00000014   Code   RO         2942    i.nrf_gpio_cfg_output  nrfx_uarte.o
    0x00029f58   0x00029f58   0x00000022   Code   RO         2434    i.nrf_gpio_cfg_sense_set  nrfx_gpiote.o
    0x00029f7a   0x00029f7a   0x00000016   Code   RO          638    i.nrf_gpio_pin_write  boards.o
    0x00029f90   0x00029f90   0x00000028   Code   RO         2435    i.nrf_gpio_ports_read  nrfx_gpiote.o
    0x00029fb8   0x00029fb8   0x00000014   Code   RO         2436    i.nrf_gpiote_event_clear  nrfx_gpiote.o
    0x00029fcc   0x00029fcc   0x00000010   Code   RO         2437    i.nrf_gpiote_event_is_set  nrfx_gpiote.o
    0x00029fdc   0x00029fdc   0x0000005c   Code   RO         4861    i.nrf_log_backend_add  nrf_log_frontend.o
    0x0002a038   0x0002a038   0x00000002   Code   RO         4713    i.nrf_log_backend_rtt_flush  nrf_log_backend_rtt.o
    0x0002a03a   0x0002a03a   0x00000004   Code   RO         4714    i.nrf_log_backend_rtt_init  nrf_log_backend_rtt.o
    0x0002a03e   0x0002a03e   0x00000002   Code   RO         4715    i.nrf_log_backend_rtt_panic_set  nrf_log_backend_rtt.o
    0x0002a040   0x0002a040   0x00000018   Code   RO         4716    i.nrf_log_backend_rtt_put  nrf_log_backend_rtt.o
    0x0002a058   0x0002a058   0x000000c8   Code   RO         4782    i.nrf_log_backend_serial_put  nrf_log_backend_serial.o
    0x0002a120   0x0002a120   0x00000030   Code   RO         4863    i.nrf_log_color_id_get  nrf_log_frontend.o
    0x0002a150   0x0002a150   0x0000001c   Code   RO         4816    i.nrf_log_default_backends_init  nrf_log_default_backends.o
    0x0002a16c   0x0002a16c   0x00000234   Code   RO         4864    i.nrf_log_frontend_dequeue  nrf_log_frontend.o
    0x0002a3a0   0x0002a3a0   0x00000008   Code   RO         4866    i.nrf_log_frontend_std_0  nrf_log_frontend.o
    0x0002a3a8   0x0002a3a8   0x0000000e   Code   RO         4867    i.nrf_log_frontend_std_1  nrf_log_frontend.o
    0x0002a3b6   0x0002a3b6   0x00000010   Code   RO         4868    i.nrf_log_frontend_std_2  nrf_log_frontend.o
    0x0002a3c6   0x0002a3c6   0x00000012   Code   RO         4869    i.nrf_log_frontend_std_3  nrf_log_frontend.o
    0x0002a3d8   0x0002a3d8   0x000000b0   Code   RO         5041    i.nrf_log_hexdump_entry_process  nrf_log_str_formatter.o
    0x0002a488   0x0002a488   0x0000003c   Code   RO         4873    i.nrf_log_init      nrf_log_frontend.o
    0x0002a4c4   0x0002a4c4   0x00000014   Code   RO         4874    i.nrf_log_module_cnt_get  nrf_log_frontend.o
    0x0002a4d8   0x0002a4d8   0x0000001c   Code   RO         4877    i.nrf_log_module_name_get  nrf_log_frontend.o
    0x0002a4f4   0x0002a4f4   0x0000002c   Code   RO         4878    i.nrf_log_panic     nrf_log_frontend.o
    0x0002a520   0x0002a520   0x000000b6   Code   RO         5042    i.nrf_log_std_entry_process  nrf_log_str_formatter.o
    0x0002a5d6   0x0002a5d6   0x00000060   Code   RO         4335    i.nrf_memobj_alloc  nrf_memobj.o
    0x0002a636   0x0002a636   0x00000032   Code   RO         4336    i.nrf_memobj_free   nrf_memobj.o
    0x0002a668   0x0002a668   0x00000008   Code   RO         4337    i.nrf_memobj_get    nrf_memobj.o
    0x0002a670   0x0002a670   0x00000004   Code   RO         4338    i.nrf_memobj_pool_init  nrf_memobj.o
    0x0002a674   0x0002a674   0x0000001e   Code   RO         4339    i.nrf_memobj_put    nrf_memobj.o
    0x0002a692   0x0002a692   0x00000010   Code   RO         4340    i.nrf_memobj_read   nrf_memobj.o
    0x0002a6a2   0x0002a6a2   0x00000010   Code   RO         4341    i.nrf_memobj_write  nrf_memobj.o
    0x0002a6b2   0x0002a6b2   0x00000002   PAD
    0x0002a6b4   0x0002a6b4   0x00000028   Code   RO         4413    i.nrf_pwr_mgmt_init  nrf_pwr_mgmt.o
    0x0002a6dc   0x0002a6dc   0x00000044   Code   RO         4414    i.nrf_pwr_mgmt_run  nrf_pwr_mgmt.o
    0x0002a720   0x0002a720   0x00000004   Code   RO           11    i.nrf_qwr_error_handler  main.o
    0x0002a724   0x0002a724   0x0000001c   Code   RO         4493    i.nrf_ringbuf_init  nrf_ringbuf.o
    0x0002a740   0x0002a740   0x0000000c   Code   RO         3755    i.nrf_rtc_event_clear  drv_rtc.o
    0x0002a74c   0x0002a74c   0x00000014   Code   RO         5472    i.nrf_sdh_ble_app_ram_start_get  nrf_sdh_ble.o
    0x0002a760   0x0002a760   0x00000130   Code   RO         5473    i.nrf_sdh_ble_default_cfg_set  nrf_sdh_ble.o
    0x0002a890   0x0002a890   0x00000130   Code   RO         5474    i.nrf_sdh_ble_enable  nrf_sdh_ble.o
    0x0002a9c0   0x0002a9c0   0x00000060   Code   RO         5475    i.nrf_sdh_ble_evts_poll  nrf_sdh_ble.o
    0x0002aa20   0x0002aa20   0x00000074   Code   RO         5354    i.nrf_sdh_enable_request  nrf_sdh.o
    0x0002aa94   0x0002aa94   0x00000024   Code   RO         5355    i.nrf_sdh_evts_poll  nrf_sdh.o
    0x0002aab8   0x0002aab8   0x0000000c   Code   RO         5356    i.nrf_sdh_is_enabled  nrf_sdh.o
    0x0002aac4   0x0002aac4   0x0000003c   Code   RO         5526    i.nrf_sdh_soc_evts_poll  nrf_sdh_soc.o
    0x0002ab00   0x0002ab00   0x0000000a   Code   RO         4551    i.nrf_section_iter_init  nrf_section_iter.o
    0x0002ab0a   0x0002ab0a   0x00000024   Code   RO         4552    i.nrf_section_iter_item_set  nrf_section_iter.o
    0x0002ab2e   0x0002ab2e   0x00000020   Code   RO         4553    i.nrf_section_iter_next  nrf_section_iter.o
    0x0002ab4e   0x0002ab4e   0x00000022   Code   RO         4586    i.nrf_sortlist_add  nrf_sortlist.o
    0x0002ab70   0x0002ab70   0x00000006   Code   RO         4588    i.nrf_sortlist_peek  nrf_sortlist.o
    0x0002ab76   0x0002ab76   0x0000000e   Code   RO         4589    i.nrf_sortlist_pop  nrf_sortlist.o
    0x0002ab84   0x0002ab84   0x0000001e   Code   RO         4590    i.nrf_sortlist_remove  nrf_sortlist.o
    0x0002aba2   0x0002aba2   0x00000002   PAD
    0x0002aba4   0x0002aba4   0x00000038   Code   RO         4642    i.nrf_strerror_find  nrf_strerror.o
    0x0002abdc   0x0002abdc   0x00000014   Code   RO         4643    i.nrf_strerror_get  nrf_strerror.o
    0x0002abf0   0x0002abf0   0x0000000a   Code   RO         2754    i.nrf_uart_event_check  nrfx_uart.o
    0x0002abfa   0x0002abfa   0x0000000c   Code   RO         2755    i.nrf_uart_event_clear  nrfx_uart.o
    0x0002ac06   0x0002ac06   0x0000000c   Code   RO         2756    i.nrf_uart_int_enable_check  nrfx_uart.o
    0x0002ac12   0x0002ac12   0x0000000a   Code   RO         2943    i.nrf_uarte_event_check  nrfx_uarte.o
    0x0002ac1c   0x0002ac1c   0x0000000c   Code   RO         2944    i.nrf_uarte_event_clear  nrfx_uarte.o
    0x0002ac28   0x0002ac28   0x0000002c   Code   RO         2295    i.nrfx_clock_enable  nrfx_clock.o
    0x0002ac54   0x0002ac54   0x00000020   Code   RO         2298    i.nrfx_clock_init   nrfx_clock.o
    0x0002ac74   0x0002ac74   0x0000001c   Code   RO         2301    i.nrfx_clock_lfclk_stop  nrfx_clock.o
    0x0002ac90   0x0002ac90   0x00000010   Code   RO         3756    i.nrfx_coredep_delay_us  drv_rtc.o
    0x0002aca0   0x0002aca0   0x000000a4   Code   RO         2442    i.nrfx_gpiote_in_event_enable  nrfx_gpiote.o
    0x0002ad44   0x0002ad44   0x000000d0   Code   RO         2443    i.nrfx_gpiote_in_init  nrfx_gpiote.o
    0x0002ae14   0x0002ae14   0x00000014   Code   RO         2444    i.nrfx_gpiote_in_is_set  nrfx_gpiote.o
    0x0002ae28   0x0002ae28   0x0000006c   Code   RO         2446    i.nrfx_gpiote_init  nrfx_gpiote.o
    0x0002ae94   0x0002ae94   0x00000014   Code   RO         2447    i.nrfx_gpiote_is_init  nrfx_gpiote.o
    0x0002aea8   0x0002aea8   0x00000010   Code   RO         2945    i.nrfx_is_in_ram    nrfx_uarte.o
    0x0002aeb8   0x0002aeb8   0x0000003a   Code   RO         2696    i.nrfx_prs_acquire  nrfx_prs.o
    0x0002aef2   0x0002aef2   0x00000002   PAD
    0x0002aef4   0x0002aef4   0x00000010   Code   RO         2757    i.nrfx_uart_0_irq_handler  nrfx_uart.o
    0x0002af04   0x0002af04   0x000000d0   Code   RO         2759    i.nrfx_uart_init    nrfx_uart.o
    0x0002afd4   0x0002afd4   0x000000ec   Code   RO         2760    i.nrfx_uart_rx      nrfx_uart.o
    0x0002b0c0   0x0002b0c0   0x000000a8   Code   RO         2765    i.nrfx_uart_tx      nrfx_uart.o
    0x0002b168   0x0002b168   0x00000020   Code   RO         2767    i.nrfx_uart_tx_in_progress  nrfx_uart.o
    0x0002b188   0x0002b188   0x00000010   Code   RO         2946    i.nrfx_uarte_0_irq_handler  nrfx_uarte.o
    0x0002b198   0x0002b198   0x0000006c   Code   RO         2948    i.nrfx_uarte_init   nrfx_uarte.o
    0x0002b204   0x0002b204   0x00000104   Code   RO         2949    i.nrfx_uarte_rx     nrfx_uarte.o
    0x0002b308   0x0002b308   0x000000ac   Code   RO         2952    i.nrfx_uarte_tx     nrfx_uarte.o
    0x0002b3b4   0x0002b3b4   0x0000001c   Code   RO         2954    i.nrfx_uarte_tx_in_progress  nrfx_uarte.o
    0x0002b3d0   0x0002b3d0   0x00000098   Code   RO           12    i.nus_data_handler  main.o
    0x0002b468   0x0002b468   0x00000024   Code   RO           13    i.on_adv_evt        main.o
    0x0002b48c   0x0002b48c   0x0000001c   Code   RO           14    i.on_conn_params_evt  main.o
    0x0002b4a8   0x0002b4a8   0x0000006a   Code   RO         1887    i.on_connect        ble_nus.o
    0x0002b512   0x0002b512   0x00000002   PAD
    0x0002b514   0x0002b514   0x000000a8   Code   RO         1747    i.on_connected_evt  nrf_ble_gatt.o
    0x0002b5bc   0x0002b5bc   0x000000ac   Code   RO         1748    i.on_exchange_mtu_request_evt  nrf_ble_gatt.o
    0x0002b668   0x0002b668   0x00000084   Code   RO         1888    i.on_write          ble_nus.o
    0x0002b6ec   0x0002b6ec   0x00000012   Code   RO         1293    i.phy_is_valid      ble_advertising.o
    0x0002b6fe   0x0002b6fe   0x00000002   PAD
    0x0002b700   0x0002b700   0x00000018   Code   RO         2463    i.pin_in_use_by_port  nrfx_gpiote.o
    0x0002b718   0x0002b718   0x00000018   Code   RO         2464    i.pin_in_use_by_te  nrfx_gpiote.o
    0x0002b730   0x0002b730   0x0000003c   Code   RO         5044    i.postfix_process   nrf_log_str_formatter.o
    0x0002b76c   0x0002b76c   0x00000040   Code   RO          428    i.ppi_radio_rx_configure  time_sync - normal.o
    0x0002b7ac   0x0002b7ac   0x00000084   Code   RO          429    i.ppi_sync_timer_adjust_configure  time_sync - normal.o
    0x0002b830   0x0002b830   0x00000098   Code   RO         5045    i.prefix_process    nrf_log_str_formatter.o
    0x0002b8c8   0x0002b8c8   0x00000018   Code   RO         2698    i.prs_box_get       nrfx_prs.o
    0x0002b8e0   0x0002b8e0   0x00000184   Code   RO          430    i.radio_callback    time_sync - normal.o
    0x0002ba64   0x0002ba64   0x0000005c   Code   RO         3450    i.rtc_irq           app_timer2.o
    0x0002bac0   0x0002bac0   0x00000064   Code   RO         3451    i.rtc_schedule      app_timer2.o
    0x0002bb24   0x0002bb24   0x00000074   Code   RO         3452    i.rtc_update        app_timer2.o
    0x0002bb98   0x0002bb98   0x00000032   Code   RO         2769    i.rx_byte           nrfx_uart.o
    0x0002bbca   0x0002bbca   0x00000016   Code   RO         2770    i.rx_done_event     nrfx_uart.o
    0x0002bbe0   0x0002bbe0   0x00000016   Code   RO         2956    i.rx_done_event     nrfx_uarte.o
    0x0002bbf6   0x0002bbf6   0x00000020   Code   RO         2771    i.rx_enable         nrfx_uart.o
    0x0002bc16   0x0002bc16   0x00000002   PAD
    0x0002bc18   0x0002bc18   0x00000050   Code   RO         1960    i.sd_state_evt_handler  nrf_drv_clock.o
    0x0002bc68   0x0002bc68   0x00000030   Code   RO         5361    i.sdh_request_observer_notify  nrf_sdh.o
    0x0002bc98   0x0002bc98   0x0000002c   Code   RO         5362    i.sdh_state_observer_notify  nrf_sdh.o
    0x0002bcc4   0x0002bcc4   0x00000010   Code   RO         1403    i.send_error_evt    ble_conn_params.o
    0x0002bcd4   0x0002bcd4   0x00000050   Code   RO         4717    i.serial_tx         nrf_log_backend_rtt.o
    0x0002bd24   0x0002bd24   0x00000088   Code   RO         1174    i.service_data_encode  ble_advdata.o
    0x0002bdac   0x0002bdac   0x00000030   Code   RO         1682    i.set_security_req  ble_srv_common.o
    0x0002bddc   0x0002bddc   0x00000028   Code   RO           15    i.sleep_mode_enter  main.o
    0x0002be04   0x0002be04   0x00000018   Code   RO         1961    i.soc_evt_handler   nrf_drv_clock.o
    0x0002be1c   0x0002be1c   0x00000058   Code   RO         5364    i.softdevices_evt_irq_enable  nrf_sdh.o
    0x0002be74   0x0002be74   0x0000000c   Code   RO         3453    i.sortlist_pop      app_timer2.o
    0x0002be80   0x0002be80   0x00000030   Code   RO         3105    i.state_set         app_button.o
    0x0002beb0   0x0002beb0   0x0000008c   Code   RO         4880    i.std_n             nrf_log_frontend.o
    0x0002bf3c   0x0002bf3c   0x00000110   Code   RO           16    i.sync_timer_button_init  main.o
    0x0002c04c   0x0002c04c   0x00000134   Code   RO          436    i.sync_timer_consensus_compensate  time_sync - normal.o
    0x0002c180   0x0002c180   0x00000154   Code   RO          437    i.sync_timer_record  time_sync - normal.o
    0x0002c2d4   0x0002c2d4   0x00000060   Code   RO          438    i.sync_timer_start  time_sync - normal.o
    0x0002c334   0x0002c334   0x00000058   Code   RO         3454    i.timer_expire      app_timer2.o
    0x0002c38c   0x0002c38c   0x00000078   Code   RO         3455    i.timer_req_process  app_timer2.o
    0x0002c404   0x0002c404   0x00000038   Code   RO         3456    i.timer_req_schedule  app_timer2.o
    0x0002c43c   0x0002c43c   0x00000018   Code   RO         3106    i.timer_start       app_button.o
    0x0002c454   0x0002c454   0x000001a8   Code   RO          440    i.timeslot_begin_handler  time_sync - normal.o
    0x0002c5fc   0x0002c5fc   0x00000054   Code   RO          441    i.timeslot_end_handler  time_sync - normal.o
    0x0002c650   0x0002c650   0x00000118   Code   RO          443    i.ts_enable         time_sync - normal.o
    0x0002c768   0x0002c768   0x00000040   Code   RO          444    i.ts_init           time_sync - normal.o
    0x0002c7a8   0x0002c7a8   0x00000164   Code   RO          445    i.ts_on_sys_evt     time_sync - normal.o
    0x0002c90c   0x0002c90c   0x0000002c   Code   RO          448    i.ts_tx_start       time_sync - normal.o
    0x0002c938   0x0002c938   0x0000000c   Code   RO          449    i.ts_tx_stop        time_sync - normal.o
    0x0002c944   0x0002c944   0x00000020   Code   RO         2772    i.tx_byte           nrfx_uart.o
    0x0002c964   0x0002c964   0x0000001a   Code   RO         2773    i.tx_done_event     nrfx_uart.o
    0x0002c97e   0x0002c97e   0x0000001a   Code   RO         2957    i.tx_done_event     nrfx_uarte.o
    0x0002c998   0x0002c998   0x00000078   Code   RO           17    i.uart_event_handle  main.o
    0x0002ca10   0x0002ca10   0x000000a4   Code   RO         3588    i.uart_event_handler  app_uart_fifo.o
    0x0002cab4   0x0002cab4   0x00000030   Code   RO         2098    i.uart_evt_handler  nrf_drv_uart.o
    0x0002cae4   0x0002cae4   0x0000012a   Code   RO         2774    i.uart_irq_handler  nrfx_uart.o
    0x0002cc0e   0x0002cc0e   0x00000002   PAD
    0x0002cc10   0x0002cc10   0x00000030   Code   RO         2099    i.uarte_evt_handler  nrf_drv_uart.o
    0x0002cc40   0x0002cc40   0x00000112   Code   RO         2958    i.uarte_irq_handler  nrfx_uarte.o
    0x0002cd52   0x0002cd52   0x0000000a   Code   RO         1175    i.uint16_encode     ble_advdata.o
    0x0002cd5c   0x0002cd5c   0x000000b4   Code   RO         4297    i.unsigned_print    nrf_fprintf_format.o
    0x0002ce10   0x0002ce10   0x000000a4   Code   RO          450    i.update_radio_parameters  time_sync - normal.o
    0x0002ceb4   0x0002ceb4   0x00000068   Code   RO         1404    i.update_timeout_handler  ble_conn_params.o
    0x0002cf1c   0x0002cf1c   0x00000018   Code   RO         1294    i.use_whitelist     ble_advertising.o
    0x0002cf34   0x0002cf34   0x00000024   Code   RO         1843    i.user_mem_reply    nrf_ble_qwr.o
    0x0002cf58   0x0002cf58   0x00000020   Code   RO         3107    i.usr_event         app_button.o
    0x0002cf78   0x0002cf78   0x00000030   Code   RO         1176    i.uuid_list_encode  ble_advdata.o
    0x0002cfa8   0x0002cfa8   0x0000009e   Code   RO         1177    i.uuid_list_sized_encode  ble_advdata.o
    0x0002d046   0x0002d046   0x0000003a   Code   RO          870    i.wakeup_button_cfg  bsp.o
    0x0002d080   0x0002d080   0x00000018   Data   RO           19    .constdata          main.o
    0x0002d098   0x0002d098   0x00000008   Data   RO          639    .constdata          boards.o
    0x0002d0a0   0x0002d0a0   0x0000002c   Data   RO          875    .constdata          bsp.o
    0x0002d0cc   0x0002d0cc   0x00000016   Data   RO         1749    .constdata          nrf_ble_gatt.o
    0x0002d0e2   0x0002d0e2   0x00000002   PAD
    0x0002d0e4   0x0002d0e4   0x00000010   Data   RO         1889    .constdata          ble_nus.o
    0x0002d0f4   0x0002d0f4   0x00000004   Data   RO         2466    .constdata          nrfx_gpiote.o
    0x0002d0f8   0x0002d0f8   0x00000004   Data   RO         2777    .constdata          nrfx_uart.o
    0x0002d0fc   0x0002d0fc   0x00000004   Data   RO         2961    .constdata          nrfx_uarte.o
    0x0002d100   0x0002d100   0x00000008   Data   RO         3110    .constdata          app_button.o
    0x0002d108   0x0002d108   0x00000014   Data   RO         3459    .constdata          app_timer2.o
    0x0002d11c   0x0002d11c   0x00000020   Data   RO         3590    .constdata          app_uart_fifo.o
    0x0002d13c   0x0002d13c   0x00000004   PAD
    0x0002d140   0x0002d140   0x00000006   Data   RO         3757    .constdata          drv_rtc.o
    0x0002d146   0x0002d146   0x00000010   Data   RO         4298    .constdata          nrf_fprintf_format.o
    0x0002d156   0x0002d156   0x00000002   PAD
    0x0002d158   0x0002d158   0x00000018   Data   RO         4418    .constdata          nrf_pwr_mgmt.o
    0x0002d170   0x0002d170   0x0000000c   Data   RO         4419    .constdata          nrf_pwr_mgmt.o
    0x0002d17c   0x0002d17c   0x0000013c   Data   RO         4644    .constdata          nrf_strerror.o
    0x0002d2b8   0x0002d2b8   0x0000000c   Data   RO         4719    .constdata          nrf_log_backend_rtt.o
    0x0002d2c4   0x0002d2c4   0x0000000c   PAD
    0x0002d2d0   0x0002d2d0   0x00000006   Data   RO         4720    .constdata          nrf_log_backend_rtt.o
    0x0002d2d6   0x0002d2d6   0x00000002   PAD
    0x0002d2d8   0x0002d2d8   0x0000000c   Data   RO         4885    .constdata          nrf_log_frontend.o
    0x0002d2e4   0x0002d2e4   0x00000010   Data   RO         5365    .constdata          nrf_sdh.o
    0x0002d2f4   0x0002d2f4   0x00000028   Data   RO         5366    .constdata          nrf_sdh.o
    0x0002d31c   0x0002d31c   0x00000010   Data   RO         5367    .constdata          nrf_sdh.o
    0x0002d32c   0x0002d32c   0x00000010   Data   RO         5368    .constdata          nrf_sdh.o
    0x0002d33c   0x0002d33c   0x00000020   Data   RO         5476    .constdata          nrf_sdh_ble.o
    0x0002d35c   0x0002d35c   0x00000010   Data   RO         5477    .constdata          nrf_sdh_ble.o
    0x0002d36c   0x0002d36c   0x00000010   Data   RO         5527    .constdata          nrf_sdh_soc.o
    0x0002d37c   0x0002d37c   0x0000000c   Data   RO         5528    .constdata          nrf_sdh_soc.o
    0x0002d388   0x0002d388   0x00000081   Data   RO         5612    .constdata          mc_w.l(ctype_o.o)
    0x0002d409   0x0002d409   0x00000003   PAD
    0x0002d40c   0x0002d40c   0x00000004   Data   RO         5613    .constdata          mc_w.l(ctype_o.o)
    0x0002d410   0x0002d410   0x000000a2   Data   RO         1750    .conststring        nrf_ble_gatt.o
    0x0002d4b2   0x0002d4b2   0x00000002   PAD
    0x0002d4b4   0x0002d4b4   0x000003eb   Data   RO         4645    .conststring        nrf_strerror.o
    0x0002d89f   0x0002d89f   0x00000001   PAD
    0x0002d8a0   0x0002d8a0   0x00000066   Data   RO         5046    .conststring        nrf_log_str_formatter.o
    0x0002d906   0x0002d906   0x00000002   PAD
    0x0002d908   0x0002d908   0x000001cf   Data   RO         5478    .conststring        nrf_sdh_ble.o
    0x0002dad7   0x0002dad7   0x00000001   PAD
    0x0002dad8   0x0002dad8   0x0000000a   Data   RO          454    .conststrlit        time_sync - normal.o
    0x0002dae2   0x0002dae2   0x00000002   PAD
    0x0002dae4   0x0002dae4   0x0000000d   Data   RO         1751    .conststrlit        nrf_ble_gatt.o
    0x0002daf1   0x0002daf1   0x00000003   PAD
    0x0002daf4   0x0002daf4   0x00000008   Data   RO         1890    .conststrlit        ble_nus.o
    0x0002dafc   0x0002dafc   0x00000006   Data   RO         1967    .conststrlit        nrf_drv_clock.o
    0x0002db02   0x0002db02   0x00000002   PAD
    0x0002db04   0x0002db04   0x00000006   Data   RO         2305    .conststrlit        nrfx_clock.o
    0x0002db0a   0x0002db0a   0x00000002   PAD
    0x0002db0c   0x0002db0c   0x00000007   Data   RO         2470    .conststrlit        nrfx_gpiote.o
    0x0002db13   0x0002db13   0x00000001   PAD
    0x0002db14   0x0002db14   0x00000004   Data   RO         2700    .conststrlit        nrfx_prs.o
    0x0002db18   0x0002db18   0x00000005   Data   RO         2780    .conststrlit        nrfx_uart.o
    0x0002db1d   0x0002db1d   0x00000003   PAD
    0x0002db20   0x0002db20   0x00000006   Data   RO         2964    .conststrlit        nrfx_uarte.o
    0x0002db26   0x0002db26   0x00000002   PAD
    0x0002db28   0x0002db28   0x0000000b   Data   RO         3111    .conststrlit        app_button.o
    0x0002db33   0x0002db33   0x00000001   PAD
    0x0002db34   0x0002db34   0x0000000a   Data   RO         3460    .conststrlit        app_timer2.o
    0x0002db3e   0x0002db3e   0x00000002   PAD
    0x0002db40   0x0002db40   0x00000009   Data   RO         4420    .conststrlit        nrf_pwr_mgmt.o
    0x0002db49   0x0002db49   0x00000003   PAD
    0x0002db4c   0x0002db4c   0x00000009   Data   RO         4591    .conststrlit        nrf_sortlist.o
    0x0002db55   0x0002db55   0x00000003   PAD
    0x0002db58   0x0002db58   0x00000010   Data   RO         4817    .conststrlit        nrf_log_default_backends.o
    0x0002db68   0x0002db68   0x00000004   Data   RO         4886    .conststrlit        nrf_log_frontend.o
    0x0002db6c   0x0002db6c   0x00000008   Data   RO         5369    .conststrlit        nrf_sdh.o
    0x0002db74   0x0002db74   0x0000000c   Data   RO         5479    .conststrlit        nrf_sdh_ble.o
    0x0002db80   0x0002db80   0x0000000c   Data   RO         5529    .conststrlit        nrf_sdh_soc.o
    0x0002db8c   0x0002db8c   0x00000020   Data   RO         5946    Region$$Table       anon$$obj.o
    0x0002dbac   0x0002dbac   0x00000010   Data   RO         4819    log_backends        nrf_log_default_backends.o
    0x0002dbbc   0x0002dbbc   0x00000008   Data   RO          458    log_const_data      time_sync - normal.o
    0x0002dbc4   0x0002dbc4   0x00000008   Data   RO         1752    log_const_data      nrf_ble_gatt.o
    0x0002dbcc   0x0002dbcc   0x00000008   Data   RO         1891    log_const_data      ble_nus.o
    0x0002dbd4   0x0002dbd4   0x00000008   Data   RO         1968    log_const_data      nrf_drv_clock.o
    0x0002dbdc   0x0002dbdc   0x00000008   Data   RO         2307    log_const_data      nrfx_clock.o
    0x0002dbe4   0x0002dbe4   0x00000008   Data   RO         2471    log_const_data      nrfx_gpiote.o
    0x0002dbec   0x0002dbec   0x00000008   Data   RO         2702    log_const_data      nrfx_prs.o
    0x0002dbf4   0x0002dbf4   0x00000008   Data   RO         2781    log_const_data      nrfx_uart.o
    0x0002dbfc   0x0002dbfc   0x00000008   Data   RO         2965    log_const_data      nrfx_uarte.o
    0x0002dc04   0x0002dc04   0x00000008   Data   RO         3113    log_const_data      app_button.o
    0x0002dc0c   0x0002dc0c   0x00000008   Data   RO         3463    log_const_data      app_timer2.o
    0x0002dc14   0x0002dc14   0x00000008   Data   RO         4422    log_const_data      nrf_pwr_mgmt.o
    0x0002dc1c   0x0002dc1c   0x00000008   Data   RO         4592    log_const_data      nrf_sortlist.o
    0x0002dc24   0x0002dc24   0x00000008   Data   RO         4889    log_const_data      nrf_log_frontend.o
    0x0002dc2c   0x0002dc2c   0x00000008   Data   RO         5371    log_const_data      nrf_sdh.o
    0x0002dc34   0x0002dc34   0x00000008   Data   RO         5481    log_const_data      nrf_sdh_ble.o
    0x0002dc3c   0x0002dc3c   0x00000008   Data   RO         5530    log_const_data      nrf_sdh_soc.o
    0x0002dc44   0x0002dc44   0x00000014   Data   RO          459    nrf_balloc          time_sync - normal.o
    0x0002dc58   0x0002dc58   0x00000014   Data   RO         4890    nrf_balloc          nrf_log_frontend.o
    0x0002dc6c   0x0002dc6c   0x00000008   Data   RO         1502    sdh_ble_observers0  ble_conn_state.o
    0x0002dc74   0x0002dc74   0x00000010   Data   RO           23    sdh_ble_observers1  main.o
    0x0002dc84   0x0002dc84   0x00000008   Data   RO          997    sdh_ble_observers1  bsp_btn_ble.o
    0x0002dc8c   0x0002dc8c   0x00000008   Data   RO         1407    sdh_ble_observers1  ble_conn_params.o
    0x0002dc94   0x0002dc94   0x00000010   Data   RO           24    sdh_ble_observers2  main.o
    0x0002dca4   0x0002dca4   0x00000008   Data   RO           25    sdh_ble_observers3  main.o
    0x0002dcac   0x0002dcac   0x00000008   Data   RO          460    sdh_soc_observers0  time_sync - normal.o
    0x0002dcb4   0x0002dcb4   0x00000008   Data   RO         1969    sdh_soc_observers0  nrf_drv_clock.o
    0x0002dcbc   0x0002dcbc   0x00000008   Data   RO         5482    sdh_stack_observers0  nrf_sdh_ble.o
    0x0002dcc4   0x0002dcc4   0x00000008   Data   RO         5531    sdh_stack_observers0  nrf_sdh_soc.o
    0x0002dccc   0x0002dccc   0x00000008   Data   RO         1970    sdh_state_observers0  nrf_drv_clock.o


    Execution Region RW_IRAM1 (Exec base: 0x20002ad8, Load base: 0x0002dcd4, Size: 0x00003518, Max: 0x0000d528, ABSOLUTE, COMPRESSED[0x00000078])

    Exec Addr    Load Addr    Size         Type   Attr      Idx    E Section Name        Object

    0x20002ad8   COMPRESSED   0x00000008   Data   RW           20    .data               main.o
    0x20002ae0   COMPRESSED   0x00000028   Data   RW           21    .data               main.o
    0x20002b08   COMPRESSED   0x00000004   Data   RW           22    .data               main.o
    0x20002b0c   COMPRESSED   0x00000080   Data   RW          455    .data               time_sync - normal.o
    0x20002b8c   COMPRESSED   0x00000010   Data   RW          456    .data               time_sync - normal.o
    0x20002b9c   COMPRESSED   0x00000008   Data   RW          457    .data               time_sync - normal.o
    0x20002ba4   COMPRESSED   0x00000010   Data   RW          876    .data               bsp.o
    0x20002bb4   COMPRESSED   0x00000008   Data   RW          996    .data               bsp_btn_ble.o
    0x20002bbc   COMPRESSED   0x00000008   Data   RW         1406    .data               ble_conn_params.o
    0x20002bc4   COMPRESSED   0x0000000c   Data   RW         2100    .data               nrf_drv_uart.o
    0x20002bd0   COMPRESSED   0x00000008   Data   RW         2306    .data               nrfx_clock.o
    0x20002bd8   COMPRESSED   0x00000008   Data   RW         2701    .data               nrfx_prs.o
    0x20002be0   COMPRESSED   0x00000018   Data   RW         3112    .data               app_button.o
    0x20002bf8   COMPRESSED   0x00000020   Data   RW         3461    .data               app_timer2.o
    0x20002c18   COMPRESSED   0x00000004   Data   RW         3462    .data               app_timer2.o
    0x20002c1c   COMPRESSED   0x0000001c   Data   RW         3591    .data               app_uart_fifo.o
    0x20002c38   COMPRESSED   0x0000000c   Data   RW         3758    .data               drv_rtc.o
    0x20002c44   COMPRESSED   0x00000008   Data   RW         4421    .data               nrf_pwr_mgmt.o
    0x20002c4c   COMPRESSED   0x00000004   Data   RW         4677    .data               retarget.o
    0x20002c50   COMPRESSED   0x00000001   Data   RW         4721    .data               nrf_log_backend_rtt.o
    0x20002c51   COMPRESSED   0x00000003   PAD
    0x20002c54   COMPRESSED   0x00000008   Data   RW         4818    .data               nrf_log_default_backends.o
    0x20002c5c   COMPRESSED   0x00000008   Data   RW         4887    .data               nrf_log_frontend.o
    0x20002c64   COMPRESSED   0x00000008   Data   RW         4888    .data               nrf_log_frontend.o
    0x20002c6c   COMPRESSED   0x00000040   Data   RW         5047    .data               nrf_log_str_formatter.o
    0x20002cac   COMPRESSED   0x00000003   Data   RW         5370    .data               nrf_sdh.o
    0x20002caf   COMPRESSED   0x00000001   Data   RW         5480    .data               nrf_sdh_ble.o
    0x20002cb0   COMPRESSED   0x00000004   Data   RW         5570    .data               system_nrf52.o
    0x20002cb4        -       0x00000748   Zero   RW           18    .bss                main.o
    0x200033fc        -       0x00000030   Zero   RW          451    .bss                time_sync - normal.o
    0x2000342c        -       0x0000000a   Zero   RW          452    .bss                time_sync - normal.o
    0x20003436   COMPRESSED   0x00000002   PAD
    0x20003438        -       0x000000a0   Zero   RW          453    .bss                time_sync - normal.o
    0x200034d8        -       0x00000020   Zero   RW          871    .bss                bsp.o
    0x200034f8        -       0x00000020   Zero   RW          872    .bss                bsp.o
    0x20003518        -       0x0000000c   Zero   RW          873    .bss                bsp.o
    0x20003524   COMPRESSED   0x00000004   PAD
    0x20003528        -       0x00000020   Zero   RW          874    .bss                bsp.o
    0x20003548        -       0x00000050   Zero   RW         1405    .bss                ble_conn_params.o
    0x20003598        -       0x0000007c   Zero   RW         1501    .bss                ble_conn_state.o
    0x20003614        -       0x00000014   Zero   RW         1962    .bss                nrf_drv_clock.o
    0x20003628        -       0x0000005c   Zero   RW         2465    .bss                nrfx_gpiote.o
    0x20003684        -       0x0000002c   Zero   RW         2775    .bss                nrfx_uart.o
    0x200036b0        -       0x00000024   Zero   RW         2959    .bss                nrfx_uarte.o
    0x200036d4   COMPRESSED   0x00000004   PAD
    0x200036d8        -       0x00000020   Zero   RW         3108    .bss                app_button.o
    0x200036f8        -       0x00000010   Zero   RW         3109    .bss                app_button.o
    0x20003708        -       0x00000010   Zero   RW         3457    .bss                app_timer2.o
    0x20003718        -       0x00000058   Zero   RW         3458    .bss                app_timer2.o
    0x20003770        -       0x00000020   Zero   RW         3589    .bss                app_uart_fifo.o
    0x20003790        -       0x0000000c   Zero   RW         3673    .bss                app_util_platform.o
    0x2000379c        -       0x0000000c   Zero   RW         4417    .bss                nrf_pwr_mgmt.o
    0x200037a8        -       0x00000040   Zero   RW         4718    .bss                nrf_log_backend_rtt.o
    0x200037e8        -       0x000000c0   Zero   RW         4881    .bss                nrf_log_frontend.o
    0x200038a8        -       0x00000080   Zero   RW         4882    .bss                nrf_log_frontend.o
    0x20003928        -       0x00000018   Zero   RW         4883    .bss                nrf_log_frontend.o
    0x20003940        -       0x00000424   Zero   RW         4884    .bss                nrf_log_frontend.o
    0x20003d64        -       0x00000288   Zero   RW         5123    .bss                segger_rtt.o
    0x20003fec   COMPRESSED   0x00000004   PAD
    0x20003ff0        -       0x00002000   Zero   RW         5558    STACK               arm_startup_nrf52.o


==============================================================================

Image component sizes


      Code (inc. data)   RO Data    RW Data    ZI Data      Debug   Object Name

       664         66         27         24         48      18274   app_button.o
        22          0          0          0          0       2525   app_error.o
        26          0          0          0          0        608   app_error_handler_keil.o
       132         46          0          0          0      39202   app_error_weak.o
       118          0          0          0          0       5258   app_fifo.o
       846         88         38         36        104      17273   app_timer2.o
       528         60         32         28         32      23554   app_uart_fifo.o
       124         14          0          0         12       9770   app_util_platform.o
        36          8        512          0       8192        964   arm_startup_nrf52.o
      1332          0          0          0          0      61004   ble_advdata.o
      1076          6          0          0          0      18459   ble_advertising.o
       636         44          8          8         80      13091   ble_conn_params.o
       390         10          8          0        124       7983   ble_conn_state.o
        72          0          0          0          0       2928   ble_link_ctx_manager.o
       664          6         32          0          0       9192   ble_nus.o
       456          6          0          0          0       3515   ble_srv_common.o
       358         40          8          0          0      90909   boards.o
      1034         82         44         16        108      23327   bsp.o
       252         10          8          8          0      84632   bsp_btn_ble.o
       696         76          6         12          0      47217   drv_rtc.o
      1916        534         64         52       1864     180640   main.o
       326          0          0          0          0       6195   nrf_atfifo.o
        64          0          0          0          0       3108   nrf_atflags.o
       306          0          0          0          0       8391   nrf_atomic.o
       164          0          0          0          0       3776   nrf_balloc.o
       950        272        205          0          0      38473   nrf_ble_gatt.o
       276          0          0          0          0       6417   nrf_ble_qwr.o
       276         34         30          0         20      42008   nrf_drv_clock.o
       200         26          0         12          0      18188   nrf_drv_uart.o
        50          0          0          0          0       3673   nrf_fprintf.o
       866          4         16          0          0       6734   nrf_fprintf_format.o
       112         18         18          1         64       6453   nrf_log_backend_rtt.o
       200          0          0          0          0      11001   nrf_log_backend_serial.o
        28          4         32          8          0       3445   nrf_log_default_backends.o
      1492        114         44         16       1404      31379   nrf_log_frontend.o
       570        108        102         64          0       5876   nrf_log_str_formatter.o
       346          0          0          0          0       9895   nrf_memobj.o
       108         16         53          8         12      37922   nrf_pwr_mgmt.o
        28          0          0          0          0       2471   nrf_ringbuf.o
       384         46        104          3          0      39663   nrf_sdh.o
       724        232        539          1          0       6145   nrf_sdh_ble.o
        60          4         56          0          0       2576   nrf_sdh_soc.o
        78          0          0          0          0       2928   nrf_section_iter.o
        84          0         17          0          0       4329   nrf_sortlist.o
        76         10       1319          0          0       2887   nrf_strerror.o
       222         30         14          8          0      44050   nrfx_clock.o
      1222         92         19          0         92      60463   nrfx_gpiote.o
        94         16         12          8          0       3941   nrfx_prs.o
      1364         38         17          0         44      31149   nrfx_uart.o
      1286         36         18          0         36      25855   nrfx_uarte.o
        14          0          0          4          0       2982   retarget.o
       378         34          0          0        648       9317   segger_rtt.o
       812         72          0          4          0      12147   system_nrf52.o
      3198       1030         46        152        218      46684   time_sync - normal.o

    ----------------------------------------------------------------------
     27790       3332       3532        476      13116    1200846   Object Totals
         0          0         32          0          0          0   (incl. Generated)
        54          0         52          3         14          0   (incl. Padding)

    ----------------------------------------------------------------------

      Code (inc. data)   RO Data    RW Data    ZI Data      Debug   Library Member Name

        86          0          0          0          0          0   __dczerorl2.o
         8          4        133          0          0         68   ctype_o.o
         0          0          0          0          0          0   entry.o
         0          0          0          0          0          0   entry10a.o
         0          0          0          0          0          0   entry11a.o
         8          4          0          0          0          0   entry2.o
         4          0          0          0          0          0   entry5.o
         0          0          0          0          0          0   entry7b.o
         0          0          0          0          0          0   entry8b.o
         8          4          0          0          0          0   entry9a.o
        30          0          0          0          0          0   handlers.o
        36          8          0          0          0         68   init.o
        30          0          0          0          0         68   llshl.o
        32          0          0          0          0         68   llushr.o
        36          0          0          0          0         68   memcpya.o
        36          0          0          0          0        108   memseta.o
        50          8          0          0          0        152   printfb.o
        18          0          0          0          0         68   strcpy.o
        14          0          0          0          0         68   strlen.o
        98          0          0          0          0         92   uldiv.o

    ----------------------------------------------------------------------
       498         28        136          0          0        828   Library Totals
         4          0          3          0          0          0   (incl. Padding)

    ----------------------------------------------------------------------

      Code (inc. data)   RO Data    RW Data    ZI Data      Debug   Library Name

       494         28        133          0          0        828   mc_w.l

    ----------------------------------------------------------------------
       498         28        136          0          0        828   Library Totals

    ----------------------------------------------------------------------

==============================================================================


      Code (inc. data)   RO Data    RW Data    ZI Data      Debug   

     28288       3360       3668        476      13116    1169046   Grand Totals
     28288       3360       3668        120      13116    1169046   ELF Image Totals (compressed)
     28288       3360       3668        120          0          0   ROM Totals

==============================================================================

    Total RO  Size (Code + RO Data)                31956 (  31.21kB)
    Total RW  Size (RW Data + ZI Data)             13592 (  13.27kB)
    Total ROM Size (Code + RO Data + RW Data)      32076 (  31.32kB)

==============================================================================

