<html>
<body>
<pre>
<h1>µVision Build Log</h1>
<h2>Tool Versions:</h2>
IDE-Version: ¦ÌVision V5.29.0.0
Copyright (C) 2019 ARM Ltd and ARM Germany GmbH. All rights reserved.
License Information: f zh, fudan, LIC=14HJJ-UKWR3-7R4X3-ARZJG-9BMK7-E6ERC
 
Tool Versions:
Toolchain:       MDK-ARM Plus  Version: 5.29.0.0
Toolchain Path:  C:\Keil_v5\ARM\ARMCC\Bin
C Compiler:      Armcc.exe V5.06 update 6 (build 750)
Assembler:       Armasm.exe V5.06 update 6 (build 750)
Linker/Locator:  ArmLink.exe V5.06 update 6 (build 750)
Library Manager: ArmAr.exe V5.06 update 6 (build 750)
Hex Converter:   FromElf.exe V5.06 update 6 (build 750)
CPU DLL:         
Dialog DLL:      
Target DLL:      Segger\JL2CM3.dll V2.99.36.0
Dialog DLL:      TCM.DLL V1.36.5.0
 
<h2>Project:</h2>
C:\Users\86153\Desktop\synchronization\PACKAGE\nRF5-ble-timesync-demo-master\nRF5_SDK_ori\examples\ble_peripheral\ble_app_uart\pca10040\s132\arm5_no_packs\ble_app_uart_pca10040_s132.uvprojx
Project File Date:  09/28/2020

<h2>Output:</h2>
*** Using Compiler 'V5.06 update 6 (build 750)', folder: 'C:\Keil_v5\ARM\ARMCC\Bin'
Build target 'nrf52832_xxaa'
compiling time_sync - normal.c...
..\..\..\..\..\common\time_sync - normal.c(117): warning:  #550-D: variable "m_timeslot_distance"  was set but never used
  static uint32_t          m_timeslot_distance = 0;
..\..\..\..\..\common\time_sync - normal.c(131): warning:  #177-D: variable "m_adv_prng"  was declared but never referenced
  static prng_t m_adv_prng;
..\..\..\..\..\common\time_sync - normal.c(193): warning:  #177-D: variable "m_rsc_return_sched_next_earliest"  was declared but never referenced
  static nrf_radio_signal_callback_return_param_t m_rsc_return_sched_next_earliest = {
..\..\..\..\..\common\time_sync - normal.c(200): warning:  #177-D: variable "m_rsc_extend"  was declared but never referenced
  static nrf_radio_signal_callback_return_param_t m_rsc_extend = {
..\..\..\..\..\common\time_sync - normal.c: 4 warnings, 0 errors
linking...
Program Size: Code=28288 RO-data=3668 RW-data=476 ZI-data=13116  
FromELF: creating hex file...
".\_build\nrf52832_xxaa.axf" - 0 Error(s), 4 Warning(s).

<h2>Software Packages used:</h2>

Package Vendor: ARM
                http://www.keil.com/pack/ARM.CMSIS.4.5.0.pack
                ARM.CMSIS.4.5.0
                CMSIS (Cortex Microcontroller Software Interface Standard)
   * Component: CORE Version: 4.3.0

Package Vendor: NordicSemiconductor
                http://developer.nordicsemi.com/nRF5_SDK/pieces/nRF_DeviceFamilyPack/NordicSemiconductor.nRF_DeviceFamilyPack_NordicLicense.8.27.0.pack
                NordicSemiconductor.nRF_DeviceFamilyPack_NordicLicense.8.27.0
                Nordic Semiconductor nRF ARM devices Device Family Pack with Nordic license.
   * Component: Startup Version: 8.27.0

<h2>Collection of Component include folders:</h2>
  .\RTE\_nrf52832_xxaa
  C:\Keil_v5\ARM\PACK\ARM\CMSIS\4.5.0\CMSIS\Include
  C:\Keil_v5\ARM\PACK\NordicSemiconductor\nRF_DeviceFamilyPack_NordicLicense\8.27.0\Device\Include

<h2>Collection of Component Files used:</h2>

   * Component: ARM::CMSIS:CORE:4.3.0

   * Component: NordicSemiconductor::Device:Startup:8.27.0
      Source file:   Device\Source\arm\arm_startup_nrf52.s
      Include file:  Device\Include\system_nrf52.h
      Include file:  Device\Include\system_nrf.h
      Source file:   Device\Source\system_nrf52.c
Build Time Elapsed:  00:00:03
</pre>
</body>
</html>
